******************************************************************************
                  TI ARM Linker PC v15.12.1                    
******************************************************************************
>> Linked Thu Mar 09 14:08:27 2017

OUTPUT FILE NAME:   <lab7.out>
ENTRY POINT SYMBOL: "_c_int00"  address: 000024dd


MEMORY CONFIGURATION

         name            origin    length      used     unused   attr    fill
----------------------  --------  ---------  --------  --------  ----  --------
  FLASH                 00000000   00040000  00002929  0003d6d7  R  X
  SRAM                  20000000   00008000  00000ae9  00007517  RW X


SEGMENT ALLOCATION MAP

run origin  load origin   length   init length attrs members
----------  ----------- ---------- ----------- ----- -------
00000000    00000000    0000292c   0000292c    r-x
  00000000    00000000    0000026c   0000026c    r-- .intvecs
  0000026c    0000026c    00002560   00002560    r-x .text
  000027cc    000027cc    00000109   00000109    r-- .const
  000028d8    000028d8    00000054   00000054    r-- .cinit
20000000    20000000    00000aec   00000000    rw-
  20000000    20000000    0000026c   00000000    rw- .vtable
  2000026c    2000026c    00000800   00000000    rw- .stack
  20000a6c    20000a6c    0000005d   00000000    rw- .bss
  20000acc    20000acc    00000020   00000000    rw- .data


SECTION ALLOCATION MAP

 output                                  attributes/
section   page    origin      length       input sections
--------  ----  ----------  ----------   ----------------
.intvecs   0    00000000    0000026c     
                  00000000    0000026c     tm4c123gh6pm_startup_ccs.obj (.intvecs)

.text      0    0000026c    00002560     
                  0000026c    00001110     rtsv7M4_T_le_v4SPD16_eabi.lib : _printfi.obj (.text)
                  0000137c    000002ec     lcd.obj (.text)
                  00001668    000001fc     main.obj (.text)
                  00001864    000001f4     rtsv7M4_T_le_v4SPD16_eabi.lib : ull_div_t2.obj (.text)
                  00001a58    000001b6                                   : fd_add_t2.obj (.text)
                  00001c0e    00000002                                   : mpu_init.obj (.text)
                  00001c10    00000158     Timer.obj (.text)
                  00001d68    00000136     rtsv7M4_T_le_v4SPD16_eabi.lib : fd_div_t2.obj (.text)
                  00001e9e    000000fc                                   : fd_mul_t2.obj (.text)
                  00001f9a    00000002                                   : startup.obj (.text)
                  00001f9c    000000fc                                   : s_scalbn.obj (.text)
                  00002098    0000009c                                   : memcpy_t2.obj (.text)
                  00002134    00000088                                   : vsnprintf.obj (.text)
                  000021bc    00000086                                   : fd_cmp_t2.obj (.text:__aeabi_cdcmple)
                  00002242    00000086                                   : fd_cmp_t2.obj (.text:__aeabi_cdrcmple)
                  000022c8    0000007a                                   : memset_t2.obj (.text)
                  00002342    00000002     --HOLE-- [fill = 0]
                  00002344    00000070                                   : autoinit.obj (.text)
                  000023b4    0000006a                                   : copy_decompress_rle.obj (.text)
                  0000241e    00000002     --HOLE-- [fill = 0]
                  00002420    00000064                                   : s_frexp.obj (.text)
                  00002484    00000056                                   : ltoa.obj (.text)
                  000024da    00000002     --HOLE-- [fill = 0]
                  000024dc    00000054                                   : boot.obj (.text)
                  00002530    00000054                                   : exit.obj (.text)
                  00002584    0000004c                                   : atoi.obj (.text)
                  000025d0    0000004c                                   : cpy_tbl.obj (.text)
                  0000261c    00000048                                   : fd_toi_t2.obj (.text)
                  00002664    00000034     driverlib.lib : interrupt.obj (.text:IntRegister)
                  00002698    0000002e     rtsv7M4_T_le_v4SPD16_eabi.lib : i_tofd_t2.obj (.text)
                  000026c6    0000001c                                   : memccpy.obj (.text)
                  000026e2    00000002     --HOLE-- [fill = 0]
                  000026e4    00000018                                   : args_main.obj (.text)
                  000026fc    00000018                                   : strcmp.obj (.text)
                  00002714    00000016                                   : strchr.obj (.text)
                  0000272a    00000002     --HOLE-- [fill = 0]
                  0000272c    00000014                                   : _lock.obj (.text)
                  00002740    00000014                                   : s_copysign.obj (.text)
                  00002754    00000014                                   : strcpy.obj (.text)
                  00002768    00000014                                   : strlen.obj (.text)
                  0000277c    00000010     driverlib.lib : interrupt.obj (.text:IntMasterEnable)
                  0000278c    00000010     lcd.obj (.text:lcd_clear)
                  0000279c    0000000e     rtsv7M4_T_le_v4SPD16_eabi.lib : copy_decompress_none.obj (.text:decompress:none)
                  000027aa    0000000c     driverlib.lib : cpu.obj (.text:CPUcpsie)
                  000027b6    0000000c     tm4c123gh6pm_startup_ccs.obj (.text)
                  000027c2    00000006     rtsv7M4_T_le_v4SPD16_eabi.lib : copy_decompress_rle.obj (.text:decompress:rle24)
                  000027c8    00000004                                   : pre_init.obj (.text)

.const     0    000027cc    00000109     
                  000027cc    00000101     rtsv7M4_T_le_v4SPD16_eabi.lib : ctype.obj (.const:.string:_ctypes_)
                  000028cd    00000004     lcd.obj (.const:.string:lineAddress$1)
                  000028d1    00000004     lcd.obj (.const:.string:lineAddresses$2)

.cinit     0    000028d8    00000054     
                  000028d8    00000016     (.cinit..data.load) [load image, compression = rle]
                  000028ee    00000002     --HOLE-- [fill = 0]
                  000028f0    0000000b     (.cinit..vtable.load) [load image, compression = rle]
                  000028fb    00000005     --HOLE-- [fill = 0]
                  00002900    00000009     (.cinit..bss.load) [load image, compression = rle]
                  00002909    00000003     --HOLE-- [fill = 0]
                  0000290c    00000008     (__TI_handler_table)
                  00002914    00000018     (__TI_cinit_table)

.init_array 
*          0    00000000    00000000     UNINITIALIZED

.vtable    0    20000000    0000026c     UNINITIALIZED
                  20000000    0000026c     driverlib.lib : interrupt.obj (.vtable)

.stack     0    2000026c    00000800     UNINITIALIZED
                  2000026c    00000800     --HOLE--

.bss       0    20000a6c    0000005d     UNINITIALIZED
                  20000a6c    00000054     lcd.obj (.bss:lastbuffer$3)
                  20000ac0    00000004     (.common:falling_time)
                  20000ac4    00000004     (.common:rising_time)
                  20000ac8    00000001     (.common:state)

.data      0    20000acc    00000020     UNINITIALIZED
                  20000acc    0000000c     rtsv7M4_T_le_v4SPD16_eabi.lib : exit.obj (.data:$O1$$)
                  20000ad8    00000008                                   : _lock.obj (.data:$O1$$)
                  20000ae0    00000004     main.obj (.data)
                  20000ae4    00000004     rtsv7M4_T_le_v4SPD16_eabi.lib : errno.obj (.data)
                  20000ae8    00000004                                   : stkdepth_vars.obj (.data)

MODULE SUMMARY

       Module                         code   ro data   rw data
       ------                         ----   -------   -------
    .\
       lcd.obj                        764    8         84     
       tm4c123gh6pm_startup_ccs.obj   12     620       0      
       main.obj                       508    0         13     
       Timer.obj                      344    0         0      
    +--+------------------------------+------+---------+---------+
       Total:                         1628   628       97     
                                                              
    C:/ti/TivaWare_C_Series-2.1.2.111/driverlib/ccs/Debug/driverlib.lib
       interrupt.obj                  68     0         620    
       cpu.obj                        12     0         0      
    +--+------------------------------+------+---------+---------+
       Total:                         80     0         620    
                                                              
    C:\ti\ccsv6\tools\compiler\ti-cgt-arm_15.12.1.LTS\lib\rtsv7M4_T_le_v4SPD16_eabi.lib
       _printfi.obj                   4368   0         0      
       ull_div_t2.obj                 500    0         0      
       fd_add_t2.obj                  438    0         0      
       fd_div_t2.obj                  310    0         0      
       fd_cmp_t2.obj                  268    0         0      
       ctype.obj                      0      257       0      
       fd_mul_t2.obj                  252    0         0      
       s_scalbn.obj                   252    0         0      
       memcpy_t2.obj                  156    0         0      
       vsnprintf.obj                  136    0         0      
       memset_t2.obj                  122    0         0      
       autoinit.obj                   112    0         0      
       copy_decompress_rle.obj        112    0         0      
       s_frexp.obj                    100    0         0      
       exit.obj                       84     0         12     
       ltoa.obj                       86     0         0      
       boot.obj                       84     0         0      
       atoi.obj                       76     0         0      
       cpy_tbl.obj                    76     0         0      
       fd_toi_t2.obj                  72     0         0      
       i_tofd_t2.obj                  46     0         0      
       _lock.obj                      20     0         8      
       memccpy.obj                    28     0         0      
       args_main.obj                  24     0         0      
       strcmp.obj                     24     0         0      
       strchr.obj                     22     0         0      
       s_copysign.obj                 20     0         0      
       strcpy.obj                     20     0         0      
       strlen.obj                     20     0         0      
       copy_decompress_none.obj       14     0         0      
       errno.obj                      0      0         4      
       pre_init.obj                   4      0         0      
       stkdepth_vars.obj              0      0         4      
       mpu_init.obj                   2      0         0      
       startup.obj                    2      0         0      
    +--+------------------------------+------+---------+---------+
       Total:                         7850   257       28     
                                                              
       Stack:                         0      0         2048   
       Linker Generated:              0      74        0      
    +--+------------------------------+------+---------+---------+
       Grand Total:                   9558   959       2793   


LINKER GENERATED COPY TABLES

__TI_cinit_table @ 00002914 records: 3, size/record: 8, table size: 24
	.data: load addr=000028d8, load size=00000016 bytes, run addr=20000acc, run size=00000020 bytes, compression=rle
	.vtable: load addr=000028f0, load size=0000000b bytes, run addr=20000000, run size=0000026c bytes, compression=rle
	.bss: load addr=00002900, load size=00000009 bytes, run addr=20000a6c, run size=0000005d bytes, compression=rle


LINKER GENERATED HANDLER TABLE

__TI_handler_table @ 0000290c records: 2, size/record: 4, table size: 8
	index: 0, handler: __TI_decompress_rle24
	index: 1, handler: __TI_decompress_none


GLOBAL SYMBOLS: SORTED ALPHABETICALLY BY Name 

address   name                           
-------   ----                           
00002531  C$$EXIT                        
000027ab  CPUcpsie                       
00001701  GPIO_init                      
0000277d  IntMasterEnable                
00002665  IntRegister                    
000027b7  ResetISR                       
UNDEFED   SHT$$INIT_ARRAY$$Base          
UNDEFED   SHT$$INIT_ARRAY$$Limit         
00001669  TIMER3B_Handler                
20000a6c  __STACK_END                    
00000800  __STACK_SIZE                   
2000046c  __STACK_TOP                    
00002914  __TI_CINIT_Base                
0000292c  __TI_CINIT_Limit               
0000290c  __TI_Handler_Table_Base        
00002914  __TI_Handler_Table_Limit       
00002345  __TI_auto_init                 
20000acc  __TI_cleanup_ptr               
0000279d  __TI_decompress_none           
000027c3  __TI_decompress_rle24          
20000ad0  __TI_dtors_ptr                 
20000ad4  __TI_enable_exit_profile_output
ffffffff  __TI_pprof_out_hndl            
00001077  __TI_printfi                   
ffffffff  __TI_prof_data_size            
ffffffff  __TI_prof_data_start           
00000000  __TI_static_base__             
000021bd  __aeabi_cdcmpeq                
000021bd  __aeabi_cdcmple                
00002243  __aeabi_cdrcmple               
0000261d  __aeabi_d2iz                   
00001a63  __aeabi_dadd                   
00001d69  __aeabi_ddiv                   
00001e9f  __aeabi_dmul                   
00001a59  __aeabi_dsub                   
00002699  __aeabi_i2d                    
000022c9  __aeabi_memclr                 
000022c9  __aeabi_memclr4                
000022c9  __aeabi_memclr8                
00002099  __aeabi_memcpy                 
00002099  __aeabi_memcpy4                
00002099  __aeabi_memcpy8                
000022cb  __aeabi_memset                 
000022cb  __aeabi_memset4                
000022cb  __aeabi_memset8                
00001865  __aeabi_uldivmod               
ffffffff  __binit__                      
ffffffff  __c_args__                     
00001c0f  __mpu_init                     
2000026c  __stack                        
000026e5  _args_main                     
000024dd  _c_int00                       
000027cc  _ctypes_                       
20000ad8  _lock                          
0000273b  _nop                           
00002733  _register_lock                 
0000272d  _register_unlock               
00001f9b  _system_post_cinit             
000027c9  _system_pre_init               
20000adc  _unlock                        
00002535  abort                          
00002585  atoi                           
ffffffff  binit                          
000025d1  copy_in                        
00002741  copysign                       
00002741  copysignl                      
20000ae4  errno                          
0000253d  exit                           
20000ac0  falling_time                   
00002421  frexp                          
00002421  frexpl                         
20000000  g_pfnRAMVectors                
00000000  g_pfnVectors                   
0000278d  lcd_clear                      
00001515  lcd_gotoLine                   
0000137d  lcd_init                       
0000157b  lcd_printf                     
0000143d  lcd_putc                       
00001475  lcd_puts                       
00001493  lcd_sendCommand                
000014d1  lcd_sendNibble                 
0000153d  lcd_setCursorPos               
00001f9d  ldexp                          
00001f9d  ldexpl                         
00002485  ltoa                           
000017e1  main                           
20000ae8  main_func_sp                   
000026c7  memccpy                        
00002099  memcpy                         
000022d1  memset                         
20000ae0  overflowCount                  
00001793  ping_read                      
20000ac4  rising_time                    
00001f9d  scalbn                         
00001f9d  scalbnl                        
00001717  send_pulse                     
20000ac8  state                          
00002715  strchr                         
000026fd  strcmp                         
00002755  strcpy                         
00002769  strlen                         
0000177b  time2dist                      
00001d21  timer_getClock                 
000016a1  timer_init                     
00001cd5  timer_startClock               
00001c6f  timer_startTimer               
00001d27  timer_stopClock                
00001cbf  timer_stopTimer                
00001c45  timer_waitMicros               
00001c11  timer_waitMillis               
00002135  vsnprintf                      


GLOBAL SYMBOLS: SORTED BY Symbol Address 

address   name                           
-------   ----                           
00000000  __TI_static_base__             
00000000  g_pfnVectors                   
00000800  __STACK_SIZE                   
00001077  __TI_printfi                   
0000137d  lcd_init                       
0000143d  lcd_putc                       
00001475  lcd_puts                       
00001493  lcd_sendCommand                
000014d1  lcd_sendNibble                 
00001515  lcd_gotoLine                   
0000153d  lcd_setCursorPos               
0000157b  lcd_printf                     
00001669  TIMER3B_Handler                
000016a1  timer_init                     
00001701  GPIO_init                      
00001717  send_pulse                     
0000177b  time2dist                      
00001793  ping_read                      
000017e1  main                           
00001865  __aeabi_uldivmod               
00001a59  __aeabi_dsub                   
00001a63  __aeabi_dadd                   
00001c0f  __mpu_init                     
00001c11  timer_waitMillis               
00001c45  timer_waitMicros               
00001c6f  timer_startTimer               
00001cbf  timer_stopTimer                
00001cd5  timer_startClock               
00001d21  timer_getClock                 
00001d27  timer_stopClock                
00001d69  __aeabi_ddiv                   
00001e9f  __aeabi_dmul                   
00001f9b  _system_post_cinit             
00001f9d  ldexp                          
00001f9d  ldexpl                         
00001f9d  scalbn                         
00001f9d  scalbnl                        
00002099  __aeabi_memcpy                 
00002099  __aeabi_memcpy4                
00002099  __aeabi_memcpy8                
00002099  memcpy                         
00002135  vsnprintf                      
000021bd  __aeabi_cdcmpeq                
000021bd  __aeabi_cdcmple                
00002243  __aeabi_cdrcmple               
000022c9  __aeabi_memclr                 
000022c9  __aeabi_memclr4                
000022c9  __aeabi_memclr8                
000022cb  __aeabi_memset                 
000022cb  __aeabi_memset4                
000022cb  __aeabi_memset8                
000022d1  memset                         
00002345  __TI_auto_init                 
00002421  frexp                          
00002421  frexpl                         
00002485  ltoa                           
000024dd  _c_int00                       
00002531  C$$EXIT                        
00002535  abort                          
0000253d  exit                           
00002585  atoi                           
000025d1  copy_in                        
0000261d  __aeabi_d2iz                   
00002665  IntRegister                    
00002699  __aeabi_i2d                    
000026c7  memccpy                        
000026e5  _args_main                     
000026fd  strcmp                         
00002715  strchr                         
0000272d  _register_unlock               
00002733  _register_lock                 
0000273b  _nop                           
00002741  copysign                       
00002741  copysignl                      
00002755  strcpy                         
00002769  strlen                         
0000277d  IntMasterEnable                
0000278d  lcd_clear                      
0000279d  __TI_decompress_none           
000027ab  CPUcpsie                       
000027b7  ResetISR                       
000027c3  __TI_decompress_rle24          
000027c9  _system_pre_init               
000027cc  _ctypes_                       
0000290c  __TI_Handler_Table_Base        
00002914  __TI_CINIT_Base                
00002914  __TI_Handler_Table_Limit       
0000292c  __TI_CINIT_Limit               
20000000  g_pfnRAMVectors                
2000026c  __stack                        
2000046c  __STACK_TOP                    
20000a6c  __STACK_END                    
20000ac0  falling_time                   
20000ac4  rising_time                    
20000ac8  state                          
20000acc  __TI_cleanup_ptr               
20000ad0  __TI_dtors_ptr                 
20000ad4  __TI_enable_exit_profile_output
20000ad8  _lock                          
20000adc  _unlock                        
20000ae0  overflowCount                  
20000ae4  errno                          
20000ae8  main_func_sp                   
ffffffff  __TI_pprof_out_hndl            
ffffffff  __TI_prof_data_size            
ffffffff  __TI_prof_data_start           
ffffffff  __binit__                      
ffffffff  __c_args__                     
ffffffff  binit                          
UNDEFED   SHT$$INIT_ARRAY$$Base          
UNDEFED   SHT$$INIT_ARRAY$$Limit         

[111 symbols]
