<?xml version="1.0"?>
<link_info>
   <banner>TI ARM Linker PC v15.12.1.LTS</banner>
   <copyright>Copyright (c) 1996-2015 Texas Instruments Incorporated</copyright>
   <link_time>0x58f4fda1</link_time>
   <link_errors>0x0</link_errors>
   <output_file>lab9.out</output_file>
   <entry_point>
      <name>_c_int00</name>
      <address>0x5c71</address>
   </entry_point>
   <input_file_list>
      <input_file id="fl-2">
         <path>.\</path>
         <kind>object</kind>
         <file>Timer.obj</file>
         <name>Timer.obj</name>
      </input_file>
      <input_file id="fl-3">
         <path>.\</path>
         <kind>object</kind>
         <file>WiFi.obj</file>
         <name>WiFi.obj</name>
      </input_file>
      <input_file id="fl-4">
         <path>.\</path>
         <kind>object</kind>
         <file>ir.obj</file>
         <name>ir.obj</name>
      </input_file>
      <input_file id="fl-5">
         <path>.\</path>
         <kind>object</kind>
         <file>lcd.obj</file>
         <name>lcd.obj</name>
      </input_file>
      <input_file id="fl-6">
         <path>.\</path>
         <kind>object</kind>
         <file>main.obj</file>
         <name>main.obj</name>
      </input_file>
      <input_file id="fl-7">
         <path>.\</path>
         <kind>object</kind>
         <file>movement.obj</file>
         <name>movement.obj</name>
      </input_file>
      <input_file id="fl-8">
         <path>.\</path>
         <kind>object</kind>
         <file>music.obj</file>
         <name>music.obj</name>
      </input_file>
      <input_file id="fl-9">
         <path>.\</path>
         <kind>object</kind>
         <file>open_interface.obj</file>
         <name>open_interface.obj</name>
      </input_file>
      <input_file id="fl-a">
         <path>.\</path>
         <kind>object</kind>
         <file>ping.obj</file>
         <name>ping.obj</name>
      </input_file>
      <input_file id="fl-b">
         <path>.\</path>
         <kind>object</kind>
         <file>tm4c123gh6pm_startup_ccs.obj</file>
         <name>tm4c123gh6pm_startup_ccs.obj</name>
      </input_file>
      <input_file id="fl-c">
         <path>.\</path>
         <kind>object</kind>
         <file>uart.obj</file>
         <name>uart.obj</name>
      </input_file>
      <input_file id="fl-c7">
         <path>C:\ti\ccsv6\tools\compiler\ti-cgt-arm_15.12.1.LTS\lib\</path>
         <kind>archive</kind>
         <file>rtsv7M4_T_le_v4SPD16_eabi.lib</file>
         <name>boot.obj</name>
      </input_file>
      <input_file id="fl-c8">
         <path>C:\ti\ccsv6\tools\compiler\ti-cgt-arm_15.12.1.LTS\lib\</path>
         <kind>archive</kind>
         <file>rtsv7M4_T_le_v4SPD16_eabi.lib</file>
         <name>copy_decompress_none.obj</name>
      </input_file>
      <input_file id="fl-c9">
         <path>C:\ti\ccsv6\tools\compiler\ti-cgt-arm_15.12.1.LTS\lib\</path>
         <kind>archive</kind>
         <file>rtsv7M4_T_le_v4SPD16_eabi.lib</file>
         <name>copy_decompress_rle.obj</name>
      </input_file>
      <input_file id="fl-ca">
         <path>C:\ti\ccsv6\tools\compiler\ti-cgt-arm_15.12.1.LTS\lib\</path>
         <kind>archive</kind>
         <file>rtsv7M4_T_le_v4SPD16_eabi.lib</file>
         <name>copy_zero_init.obj</name>
      </input_file>
      <input_file id="fl-cb">
         <path>C:\ti\ccsv6\tools\compiler\ti-cgt-arm_15.12.1.LTS\lib\</path>
         <kind>archive</kind>
         <file>rtsv7M4_T_le_v4SPD16_eabi.lib</file>
         <name>e_pow.obj</name>
      </input_file>
      <input_file id="fl-cc">
         <path>C:\ti\ccsv6\tools\compiler\ti-cgt-arm_15.12.1.LTS\lib\</path>
         <kind>archive</kind>
         <file>rtsv7M4_T_le_v4SPD16_eabi.lib</file>
         <name>e_sqrt.obj</name>
      </input_file>
      <input_file id="fl-cd">
         <path>C:\ti\ccsv6\tools\compiler\ti-cgt-arm_15.12.1.LTS\lib\</path>
         <kind>archive</kind>
         <file>rtsv7M4_T_le_v4SPD16_eabi.lib</file>
         <name>errno.obj</name>
      </input_file>
      <input_file id="fl-ce">
         <path>C:\ti\ccsv6\tools\compiler\ti-cgt-arm_15.12.1.LTS\lib\</path>
         <kind>archive</kind>
         <file>rtsv7M4_T_le_v4SPD16_eabi.lib</file>
         <name>exit.obj</name>
      </input_file>
      <input_file id="fl-cf">
         <path>C:\ti\ccsv6\tools\compiler\ti-cgt-arm_15.12.1.LTS\lib\</path>
         <kind>archive</kind>
         <file>rtsv7M4_T_le_v4SPD16_eabi.lib</file>
         <name>fd_add_t2.obj</name>
      </input_file>
      <input_file id="fl-d0">
         <path>C:\ti\ccsv6\tools\compiler\ti-cgt-arm_15.12.1.LTS\lib\</path>
         <kind>archive</kind>
         <file>rtsv7M4_T_le_v4SPD16_eabi.lib</file>
         <name>fd_cmp_t2.obj</name>
      </input_file>
      <input_file id="fl-d1">
         <path>C:\ti\ccsv6\tools\compiler\ti-cgt-arm_15.12.1.LTS\lib\</path>
         <kind>archive</kind>
         <file>rtsv7M4_T_le_v4SPD16_eabi.lib</file>
         <name>fd_div_t2.obj</name>
      </input_file>
      <input_file id="fl-d2">
         <path>C:\ti\ccsv6\tools\compiler\ti-cgt-arm_15.12.1.LTS\lib\</path>
         <kind>archive</kind>
         <file>rtsv7M4_T_le_v4SPD16_eabi.lib</file>
         <name>fd_mul_t2.obj</name>
      </input_file>
      <input_file id="fl-d3">
         <path>C:\ti\ccsv6\tools\compiler\ti-cgt-arm_15.12.1.LTS\lib\</path>
         <kind>archive</kind>
         <file>rtsv7M4_T_le_v4SPD16_eabi.lib</file>
         <name>fd_toi_t2.obj</name>
      </input_file>
      <input_file id="fl-d4">
         <path>C:\ti\ccsv6\tools\compiler\ti-cgt-arm_15.12.1.LTS\lib\</path>
         <kind>archive</kind>
         <file>rtsv7M4_T_le_v4SPD16_eabi.lib</file>
         <name>fd_tou_t2.obj</name>
      </input_file>
      <input_file id="fl-d5">
         <path>C:\ti\ccsv6\tools\compiler\ti-cgt-arm_15.12.1.LTS\lib\</path>
         <kind>archive</kind>
         <file>rtsv7M4_T_le_v4SPD16_eabi.lib</file>
         <name>i_tofd_t2.obj</name>
      </input_file>
      <input_file id="fl-d6">
         <path>C:\ti\ccsv6\tools\compiler\ti-cgt-arm_15.12.1.LTS\lib\</path>
         <kind>archive</kind>
         <file>rtsv7M4_T_le_v4SPD16_eabi.lib</file>
         <name>memcpy_t2.obj</name>
      </input_file>
      <input_file id="fl-d7">
         <path>C:\ti\ccsv6\tools\compiler\ti-cgt-arm_15.12.1.LTS\lib\</path>
         <kind>archive</kind>
         <file>rtsv7M4_T_le_v4SPD16_eabi.lib</file>
         <name>memory.obj</name>
      </input_file>
      <input_file id="fl-d8">
         <path>C:\ti\ccsv6\tools\compiler\ti-cgt-arm_15.12.1.LTS\lib\</path>
         <kind>archive</kind>
         <file>rtsv7M4_T_le_v4SPD16_eabi.lib</file>
         <name>memset_t2.obj</name>
      </input_file>
      <input_file id="fl-d9">
         <path>C:\ti\ccsv6\tools\compiler\ti-cgt-arm_15.12.1.LTS\lib\</path>
         <kind>archive</kind>
         <file>rtsv7M4_T_le_v4SPD16_eabi.lib</file>
         <name>mpu_init.obj</name>
      </input_file>
      <input_file id="fl-da">
         <path>C:\ti\ccsv6\tools\compiler\ti-cgt-arm_15.12.1.LTS\lib\</path>
         <kind>archive</kind>
         <file>rtsv7M4_T_le_v4SPD16_eabi.lib</file>
         <name>pre_init.obj</name>
      </input_file>
      <input_file id="fl-db">
         <path>C:\ti\ccsv6\tools\compiler\ti-cgt-arm_15.12.1.LTS\lib\</path>
         <kind>archive</kind>
         <file>rtsv7M4_T_le_v4SPD16_eabi.lib</file>
         <name>s_cos.obj</name>
      </input_file>
      <input_file id="fl-dc">
         <path>C:\ti\ccsv6\tools\compiler\ti-cgt-arm_15.12.1.LTS\lib\</path>
         <kind>archive</kind>
         <file>rtsv7M4_T_le_v4SPD16_eabi.lib</file>
         <name>s_scalbn.obj</name>
      </input_file>
      <input_file id="fl-dd">
         <path>C:\ti\ccsv6\tools\compiler\ti-cgt-arm_15.12.1.LTS\lib\</path>
         <kind>archive</kind>
         <file>rtsv7M4_T_le_v4SPD16_eabi.lib</file>
         <name>sprintf.obj</name>
      </input_file>
      <input_file id="fl-de">
         <path>C:\ti\ccsv6\tools\compiler\ti-cgt-arm_15.12.1.LTS\lib\</path>
         <kind>archive</kind>
         <file>rtsv7M4_T_le_v4SPD16_eabi.lib</file>
         <name>stkdepth_vars.obj</name>
      </input_file>
      <input_file id="fl-df">
         <path>C:\ti\ccsv6\tools\compiler\ti-cgt-arm_15.12.1.LTS\lib\</path>
         <kind>archive</kind>
         <file>rtsv7M4_T_le_v4SPD16_eabi.lib</file>
         <name>strcmp.obj</name>
      </input_file>
      <input_file id="fl-e0">
         <path>C:\ti\ccsv6\tools\compiler\ti-cgt-arm_15.12.1.LTS\lib\</path>
         <kind>archive</kind>
         <file>rtsv7M4_T_le_v4SPD16_eabi.lib</file>
         <name>strcpy.obj</name>
      </input_file>
      <input_file id="fl-e1">
         <path>C:\ti\ccsv6\tools\compiler\ti-cgt-arm_15.12.1.LTS\lib\</path>
         <kind>archive</kind>
         <file>rtsv7M4_T_le_v4SPD16_eabi.lib</file>
         <name>strlen.obj</name>
      </input_file>
      <input_file id="fl-e2">
         <path>C:\ti\ccsv6\tools\compiler\ti-cgt-arm_15.12.1.LTS\lib\</path>
         <kind>archive</kind>
         <file>rtsv7M4_T_le_v4SPD16_eabi.lib</file>
         <name>vsnprintf.obj</name>
      </input_file>
      <input_file id="fl-e3">
         <path>C:\ti\ccsv6\tools\compiler\ti-cgt-arm_15.12.1.LTS\lib\</path>
         <kind>archive</kind>
         <file>rtsv7M4_T_le_v4SPD16_eabi.lib</file>
         <name>_lock.obj</name>
      </input_file>
      <input_file id="fl-e4">
         <path>C:\ti\ccsv6\tools\compiler\ti-cgt-arm_15.12.1.LTS\lib\</path>
         <kind>archive</kind>
         <file>rtsv7M4_T_le_v4SPD16_eabi.lib</file>
         <name>_printfi.obj</name>
      </input_file>
      <input_file id="fl-e5">
         <path>C:\ti\ccsv6\tools\compiler\ti-cgt-arm_15.12.1.LTS\lib\</path>
         <kind>archive</kind>
         <file>rtsv7M4_T_le_v4SPD16_eabi.lib</file>
         <name>args_main.obj</name>
      </input_file>
      <input_file id="fl-e6">
         <path>C:\ti\ccsv6\tools\compiler\ti-cgt-arm_15.12.1.LTS\lib\</path>
         <kind>archive</kind>
         <file>rtsv7M4_T_le_v4SPD16_eabi.lib</file>
         <name>atoi.obj</name>
      </input_file>
      <input_file id="fl-e7">
         <path>C:\ti\ccsv6\tools\compiler\ti-cgt-arm_15.12.1.LTS\lib\</path>
         <kind>archive</kind>
         <file>rtsv7M4_T_le_v4SPD16_eabi.lib</file>
         <name>autoinit.obj</name>
      </input_file>
      <input_file id="fl-e8">
         <path>C:\ti\ccsv6\tools\compiler\ti-cgt-arm_15.12.1.LTS\lib\</path>
         <kind>archive</kind>
         <file>rtsv7M4_T_le_v4SPD16_eabi.lib</file>
         <name>cpy_tbl.obj</name>
      </input_file>
      <input_file id="fl-e9">
         <path>C:\ti\ccsv6\tools\compiler\ti-cgt-arm_15.12.1.LTS\lib\</path>
         <kind>archive</kind>
         <file>rtsv7M4_T_le_v4SPD16_eabi.lib</file>
         <name>ctype.obj</name>
      </input_file>
      <input_file id="fl-ea">
         <path>C:\ti\ccsv6\tools\compiler\ti-cgt-arm_15.12.1.LTS\lib\</path>
         <kind>archive</kind>
         <file>rtsv7M4_T_le_v4SPD16_eabi.lib</file>
         <name>k_cos.obj</name>
      </input_file>
      <input_file id="fl-eb">
         <path>C:\ti\ccsv6\tools\compiler\ti-cgt-arm_15.12.1.LTS\lib\</path>
         <kind>archive</kind>
         <file>rtsv7M4_T_le_v4SPD16_eabi.lib</file>
         <name>k_rem_pio2.obj</name>
      </input_file>
      <input_file id="fl-ec">
         <path>C:\ti\ccsv6\tools\compiler\ti-cgt-arm_15.12.1.LTS\lib\</path>
         <kind>archive</kind>
         <file>rtsv7M4_T_le_v4SPD16_eabi.lib</file>
         <name>k_sin.obj</name>
      </input_file>
      <input_file id="fl-ed">
         <path>C:\ti\ccsv6\tools\compiler\ti-cgt-arm_15.12.1.LTS\lib\</path>
         <kind>archive</kind>
         <file>rtsv7M4_T_le_v4SPD16_eabi.lib</file>
         <name>ltoa.obj</name>
      </input_file>
      <input_file id="fl-ee">
         <path>C:\ti\ccsv6\tools\compiler\ti-cgt-arm_15.12.1.LTS\lib\</path>
         <kind>archive</kind>
         <file>rtsv7M4_T_le_v4SPD16_eabi.lib</file>
         <name>memccpy.obj</name>
      </input_file>
      <input_file id="fl-ef">
         <path>C:\ti\ccsv6\tools\compiler\ti-cgt-arm_15.12.1.LTS\lib\</path>
         <kind>archive</kind>
         <file>rtsv7M4_T_le_v4SPD16_eabi.lib</file>
         <name>s_copysign.obj</name>
      </input_file>
      <input_file id="fl-f0">
         <path>C:\ti\ccsv6\tools\compiler\ti-cgt-arm_15.12.1.LTS\lib\</path>
         <kind>archive</kind>
         <file>rtsv7M4_T_le_v4SPD16_eabi.lib</file>
         <name>s_floor.obj</name>
      </input_file>
      <input_file id="fl-f1">
         <path>C:\ti\ccsv6\tools\compiler\ti-cgt-arm_15.12.1.LTS\lib\</path>
         <kind>archive</kind>
         <file>rtsv7M4_T_le_v4SPD16_eabi.lib</file>
         <name>s_frexp.obj</name>
      </input_file>
      <input_file id="fl-f2">
         <path>C:\ti\ccsv6\tools\compiler\ti-cgt-arm_15.12.1.LTS\lib\</path>
         <kind>archive</kind>
         <file>rtsv7M4_T_le_v4SPD16_eabi.lib</file>
         <name>startup.obj</name>
      </input_file>
      <input_file id="fl-f3">
         <path>C:\ti\ccsv6\tools\compiler\ti-cgt-arm_15.12.1.LTS\lib\</path>
         <kind>archive</kind>
         <file>rtsv7M4_T_le_v4SPD16_eabi.lib</file>
         <name>strchr.obj</name>
      </input_file>
      <input_file id="fl-f4">
         <path>C:\ti\ccsv6\tools\compiler\ti-cgt-arm_15.12.1.LTS\lib\</path>
         <kind>archive</kind>
         <file>rtsv7M4_T_le_v4SPD16_eabi.lib</file>
         <name>ull_div_t2.obj</name>
      </input_file>
      <input_file id="fl-f5">
         <path>C:\ti\TivaWare_C_Series-2.1.2.111\driverlib\ccs\Debug\</path>
         <kind>archive</kind>
         <file>driverlib.lib</file>
         <name>interrupt.obj</name>
      </input_file>
      <input_file id="fl-f6">
         <path>C:\ti\TivaWare_C_Series-2.1.2.111\driverlib\ccs\Debug\</path>
         <kind>archive</kind>
         <file>driverlib.lib</file>
         <name>cpu.obj</name>
      </input_file>
   </input_file_list>
   <object_component_list>
      <object_component id="oc-f">
         <name>.intvecs</name>
         <load_address>0x0</load_address>
         <run_address>0x0</run_address>
         <size>0x26c</size>
         <input_file_ref idref="fl-b"/>
      </object_component>
      <object_component id="oc-1cb">
         <name>.text</name>
         <load_address>0x26c</load_address>
         <run_address>0x26c</run_address>
         <size>0x1110</size>
         <input_file_ref idref="fl-e4"/>
      </object_component>
      <object_component id="oc-14d">
         <name>.text</name>
         <load_address>0x137c</load_address>
         <run_address>0x137c</run_address>
         <size>0xa84</size>
         <input_file_ref idref="fl-9"/>
      </object_component>
      <object_component id="oc-11a">
         <name>.text</name>
         <load_address>0x1e00</load_address>
         <run_address>0x1e00</run_address>
         <size>0x9ac</size>
         <input_file_ref idref="fl-cb"/>
      </object_component>
      <object_component id="oc-b2">
         <name>.text</name>
         <load_address>0x27ac</load_address>
         <run_address>0x27ac</run_address>
         <size>0x7b0</size>
         <input_file_ref idref="fl-6"/>
      </object_component>
      <object_component id="oc-186">
         <name>.text</name>
         <load_address>0x2f5c</load_address>
         <run_address>0x2f5c</run_address>
         <size>0x740</size>
         <input_file_ref idref="fl-eb"/>
      </object_component>
      <object_component id="oc-f5">
         <name>.text</name>
         <load_address>0x369c</load_address>
         <run_address>0x369c</run_address>
         <size>0x5e4</size>
         <input_file_ref idref="fl-db"/>
      </object_component>
      <object_component id="oc-1fc">
         <name>.text</name>
         <load_address>0x3c80</load_address>
         <run_address>0x3c80</run_address>
         <size>0x3dc</size>
         <input_file_ref idref="fl-d7"/>
      </object_component>
      <object_component id="oc-135">
         <name>.text</name>
         <load_address>0x405c</load_address>
         <run_address>0x405c</run_address>
         <size>0x2ec</size>
         <input_file_ref idref="fl-5"/>
      </object_component>
      <object_component id="oc-153">
         <name>.text</name>
         <load_address>0x4348</load_address>
         <run_address>0x4348</run_address>
         <size>0x26c</size>
         <input_file_ref idref="fl-7"/>
      </object_component>
      <object_component id="oc-25c">
         <name>.text</name>
         <load_address>0x45b4</load_address>
         <run_address>0x45b4</run_address>
         <size>0x1f4</size>
         <input_file_ref idref="fl-f4"/>
      </object_component>
      <object_component id="oc-10e">
         <name>.text</name>
         <load_address>0x47a8</load_address>
         <run_address>0x47a8</run_address>
         <size>0x1c8</size>
         <input_file_ref idref="fl-a"/>
      </object_component>
      <object_component id="oc-fb">
         <name>.text</name>
         <load_address>0x4970</load_address>
         <run_address>0x4970</run_address>
         <size>0x1b6</size>
         <input_file_ref idref="fl-cf"/>
      </object_component>
      <object_component id="oc-5c">
         <name>.text</name>
         <load_address>0x4b26</load_address>
         <run_address>0x4b26</run_address>
         <size>0x2</size>
         <input_file_ref idref="fl-d9"/>
      </object_component>
      <object_component id="oc-18c">
         <name>.text</name>
         <load_address>0x4b28</load_address>
         <run_address>0x4b28</run_address>
         <size>0x174</size>
         <input_file_ref idref="fl-ec"/>
      </object_component>
      <object_component id="oc-100">
         <name>.text</name>
         <load_address>0x4c9c</load_address>
         <run_address>0x4c9c</run_address>
         <size>0x170</size>
         <input_file_ref idref="fl-cc"/>
      </object_component>
      <object_component id="oc-180">
         <name>.text</name>
         <load_address>0x4e0c</load_address>
         <run_address>0x4e0c</run_address>
         <size>0x16c</size>
         <input_file_ref idref="fl-ea"/>
      </object_component>
      <object_component id="oc-e0">
         <name>.text</name>
         <load_address>0x4f78</load_address>
         <run_address>0x4f78</run_address>
         <size>0x158</size>
         <input_file_ref idref="fl-2"/>
      </object_component>
      <object_component id="oc-13b">
         <name>.text</name>
         <load_address>0x50d0</load_address>
         <run_address>0x50d0</run_address>
         <size>0x13c</size>
         <input_file_ref idref="fl-c"/>
      </object_component>
      <object_component id="oc-f0">
         <name>.text</name>
         <load_address>0x520c</load_address>
         <run_address>0x520c</run_address>
         <size>0x136</size>
         <input_file_ref idref="fl-d1"/>
      </object_component>
      <object_component id="oc-eb">
         <name>.text</name>
         <load_address>0x5342</load_address>
         <run_address>0x5342</run_address>
         <size>0xfc</size>
         <input_file_ref idref="fl-d2"/>
      </object_component>
      <object_component id="oc-aa">
         <name>.text</name>
         <load_address>0x543e</load_address>
         <run_address>0x543e</run_address>
         <size>0x2</size>
         <input_file_ref idref="fl-f2"/>
      </object_component>
      <object_component id="oc-1c0">
         <name>.text</name>
         <load_address>0x5440</load_address>
         <run_address>0x5440</run_address>
         <size>0xfc</size>
         <input_file_ref idref="fl-dc"/>
      </object_component>
      <object_component id="oc-223">
         <name>.text</name>
         <load_address>0x553c</load_address>
         <run_address>0x553c</run_address>
         <size>0xf8</size>
         <input_file_ref idref="fl-f0"/>
      </object_component>
      <object_component id="oc-114">
         <name>.text</name>
         <load_address>0x5634</load_address>
         <run_address>0x5634</run_address>
         <size>0xf4</size>
         <input_file_ref idref="fl-4"/>
      </object_component>
      <object_component id="oc-147">
         <name>.text</name>
         <load_address>0x5728</load_address>
         <run_address>0x5728</run_address>
         <size>0xa4</size>
         <input_file_ref idref="fl-3"/>
      </object_component>
      <object_component id="oc-37">
         <name>.text</name>
         <load_address>0x57cc</load_address>
         <run_address>0x57cc</run_address>
         <size>0x9c</size>
         <input_file_ref idref="fl-d6"/>
      </object_component>
      <object_component id="oc-1e0">
         <name>.text</name>
         <load_address>0x5868</load_address>
         <run_address>0x5868</run_address>
         <size>0x88</size>
         <input_file_ref idref="fl-e2"/>
      </object_component>
      <object_component id="oc-109">
         <name>.text:__aeabi_cdcmple</name>
         <load_address>0x58f0</load_address>
         <run_address>0x58f0</run_address>
         <size>0x86</size>
         <input_file_ref idref="fl-d0"/>
      </object_component>
      <object_component id="oc-125">
         <name>.text:__aeabi_cdrcmple</name>
         <load_address>0x5976</load_address>
         <run_address>0x5976</run_address>
         <size>0x86</size>
         <input_file_ref idref="fl-d0"/>
      </object_component>
      <object_component id="oc-50">
         <name>.text</name>
         <load_address>0x59fc</load_address>
         <run_address>0x59fc</run_address>
         <size>0x7a</size>
         <input_file_ref idref="fl-d8"/>
      </object_component>
      <object_component id="oc-68">
         <name>.text</name>
         <load_address>0x5a78</load_address>
         <run_address>0x5a78</run_address>
         <size>0x70</size>
         <input_file_ref idref="fl-e7"/>
      </object_component>
      <object_component id="oc-43">
         <name>.text</name>
         <load_address>0x5ae8</load_address>
         <run_address>0x5ae8</run_address>
         <size>0x6a</size>
         <input_file_ref idref="fl-c9"/>
      </object_component>
      <object_component id="oc-267">
         <name>.text</name>
         <load_address>0x5b54</load_address>
         <run_address>0x5b54</run_address>
         <size>0x64</size>
         <input_file_ref idref="fl-f1"/>
      </object_component>
      <object_component id="oc-12a">
         <name>.text</name>
         <load_address>0x5bb8</load_address>
         <run_address>0x5bb8</run_address>
         <size>0x60</size>
         <input_file_ref idref="fl-dd"/>
      </object_component>
      <object_component id="oc-261">
         <name>.text</name>
         <load_address>0x5c18</load_address>
         <run_address>0x5c18</run_address>
         <size>0x56</size>
         <input_file_ref idref="fl-ed"/>
      </object_component>
      <object_component id="oc-24">
         <name>.text</name>
         <load_address>0x5c70</load_address>
         <run_address>0x5c70</run_address>
         <size>0x54</size>
         <input_file_ref idref="fl-c7"/>
      </object_component>
      <object_component id="oc-74">
         <name>.text</name>
         <load_address>0x5cc4</load_address>
         <run_address>0x5cc4</run_address>
         <size>0x54</size>
         <input_file_ref idref="fl-ce"/>
      </object_component>
      <object_component id="oc-279">
         <name>.text</name>
         <load_address>0x5d18</load_address>
         <run_address>0x5d18</run_address>
         <size>0x4c</size>
         <input_file_ref idref="fl-e6"/>
      </object_component>
      <object_component id="oc-a4">
         <name>.text</name>
         <load_address>0x5d64</load_address>
         <run_address>0x5d64</run_address>
         <size>0x4c</size>
         <input_file_ref idref="fl-e8"/>
      </object_component>
      <object_component id="oc-120">
         <name>.text</name>
         <load_address>0x5db0</load_address>
         <run_address>0x5db0</run_address>
         <size>0x48</size>
         <input_file_ref idref="fl-d3"/>
      </object_component>
      <object_component id="oc-130">
         <name>.text</name>
         <load_address>0x5df8</load_address>
         <run_address>0x5df8</run_address>
         <size>0x44</size>
         <input_file_ref idref="fl-d4"/>
      </object_component>
      <object_component id="oc-1a2">
         <name>.text:IntRegister</name>
         <load_address>0x5e3c</load_address>
         <run_address>0x5e3c</run_address>
         <size>0x34</size>
         <input_file_ref idref="fl-f5"/>
      </object_component>
      <object_component id="oc-e6">
         <name>.text</name>
         <load_address>0x5e70</load_address>
         <run_address>0x5e70</run_address>
         <size>0x2e</size>
         <input_file_ref idref="fl-d5"/>
      </object_component>
      <object_component id="oc-273">
         <name>.text</name>
         <load_address>0x5e9e</load_address>
         <run_address>0x5e9e</run_address>
         <size>0x1c</size>
         <input_file_ref idref="fl-ee"/>
      </object_component>
      <object_component id="oc-202">
         <name>.text:oi_parseInt</name>
         <load_address>0x5eba</load_address>
         <run_address>0x5eba</run_address>
         <size>0x18</size>
         <input_file_ref idref="fl-9"/>
      </object_component>
      <object_component id="oc-6e">
         <name>.text</name>
         <load_address>0x5ed4</load_address>
         <run_address>0x5ed4</run_address>
         <size>0x18</size>
         <input_file_ref idref="fl-e5"/>
      </object_component>
      <object_component id="oc-1e6">
         <name>.text</name>
         <load_address>0x5eec</load_address>
         <run_address>0x5eec</run_address>
         <size>0x18</size>
         <input_file_ref idref="fl-df"/>
      </object_component>
      <object_component id="oc-26d">
         <name>.text</name>
         <load_address>0x5f04</load_address>
         <run_address>0x5f04</run_address>
         <size>0x16</size>
         <input_file_ref idref="fl-f3"/>
      </object_component>
      <object_component id="oc-164">
         <name>.text</name>
         <load_address>0x5f1c</load_address>
         <run_address>0x5f1c</run_address>
         <size>0x14</size>
         <input_file_ref idref="fl-e3"/>
      </object_component>
      <object_component id="oc-252">
         <name>.text</name>
         <load_address>0x5f30</load_address>
         <run_address>0x5f30</run_address>
         <size>0x14</size>
         <input_file_ref idref="fl-ef"/>
      </object_component>
      <object_component id="oc-1ec">
         <name>.text</name>
         <load_address>0x5f44</load_address>
         <run_address>0x5f44</run_address>
         <size>0x14</size>
         <input_file_ref idref="fl-e0"/>
      </object_component>
      <object_component id="oc-141">
         <name>.text</name>
         <load_address>0x5f58</load_address>
         <run_address>0x5f58</run_address>
         <size>0x14</size>
         <input_file_ref idref="fl-e1"/>
      </object_component>
      <object_component id="oc-1a8">
         <name>.text:IntMasterEnable</name>
         <load_address>0x5f6c</load_address>
         <run_address>0x5f6c</run_address>
         <size>0x10</size>
         <input_file_ref idref="fl-f5"/>
      </object_component>
      <object_component id="oc-1d9">
         <name>.text:lcd_clear</name>
         <load_address>0x5f7c</load_address>
         <run_address>0x5f7c</run_address>
         <size>0x10</size>
         <input_file_ref idref="fl-5"/>
      </object_component>
      <object_component id="oc-12">
         <name>.text:decompress:none</name>
         <load_address>0x5f8c</load_address>
         <run_address>0x5f8c</run_address>
         <size>0xe</size>
         <input_file_ref idref="fl-c8"/>
      </object_component>
      <object_component id="oc-241">
         <name>.text:CPUcpsie</name>
         <load_address>0x5f9a</load_address>
         <run_address>0x5f9a</run_address>
         <size>0xc</size>
         <input_file_ref idref="fl-f6"/>
      </object_component>
      <object_component id="oc-2e">
         <name>.text</name>
         <load_address>0x5fa6</load_address>
         <run_address>0x5fa6</run_address>
         <size>0xc</size>
         <input_file_ref idref="fl-b"/>
      </object_component>
      <object_component id="oc-18">
         <name>.text:decompress:rle24</name>
         <load_address>0x5fb2</load_address>
         <run_address>0x5fb2</run_address>
         <size>0x6</size>
         <input_file_ref idref="fl-c9"/>
      </object_component>
      <object_component id="oc-62">
         <name>.text</name>
         <load_address>0x5fb8</load_address>
         <run_address>0x5fb8</run_address>
         <size>0x4</size>
         <input_file_ref idref="fl-da"/>
      </object_component>
      <object_component id="oc-229">
         <name>.const:$O1$$</name>
         <load_address>0x5fc0</load_address>
         <run_address>0x5fc0</run_address>
         <size>0x158</size>
         <input_file_ref idref="fl-eb"/>
      </object_component>
      <object_component id="oc-2ca">
         <name>.const:.string:_ctypes_</name>
         <load_address>0x6118</load_address>
         <run_address>0x6118</run_address>
         <size>0x101</size>
         <input_file_ref idref="fl-e9"/>
      </object_component>
      <object_component id="oc-1f2">
         <name>.const:.string:lineAddress$1</name>
         <load_address>0x6219</load_address>
         <run_address>0x6219</run_address>
         <size>0x4</size>
         <input_file_ref idref="fl-5"/>
      </object_component>
      <object_component id="oc-1bd">
         <name>.const:$O1$$</name>
         <load_address>0x6220</load_address>
         <run_address>0x6220</run_address>
         <size>0x30</size>
         <input_file_ref idref="fl-cb"/>
      </object_component>
      <object_component id="oc-20a">
         <name>.const:.string:$P$T0$3</name>
         <load_address>0x6250</load_address>
         <run_address>0x6250</run_address>
         <size>0xf</size>
         <input_file_ref idref="fl-9"/>
      </object_component>
      <object_component id="oc-1f3">
         <name>.const:.string:lineAddresses$2</name>
         <load_address>0x625f</load_address>
         <run_address>0x625f</run_address>
         <size>0x4</size>
         <input_file_ref idref="fl-5"/>
      </object_component>
      <object_component id="oc-315">
         <name>.cinit..data.load</name>
         <load_address>0x6268</load_address>
         <run_address>0x6268</run_address>
         <size>0x2a</size>
      </object_component>
      <object_component id="oc-314">
         <name>.cinit..vtable.load</name>
         <load_address>0x6298</load_address>
         <run_address>0x6298</run_address>
         <size>0xb</size>
      </object_component>
      <object_component id="oc-316">
         <name>.cinit..bss.load</name>
         <load_address>0x62a8</load_address>
         <run_address>0x62a8</run_address>
         <size>0x9</size>
      </object_component>
      <object_component id="oc-312">
         <name>__TI_handler_table</name>
         <load_address>0x62b4</load_address>
         <run_address>0x62b4</run_address>
         <size>0x8</size>
      </object_component>
      <object_component id="oc-313">
         <name>__TI_cinit_table</name>
         <load_address>0x62bc</load_address>
         <run_address>0x62bc</run_address>
         <size>0x18</size>
      </object_component>
      <object_component id="oc-23c">
         <name>.vtable</name>
         <uninitialized>true</uninitialized>
         <run_address>0x20000000</run_address>
         <size>0x26c</size>
         <input_file_ref idref="fl-f5"/>
      </object_component>
      <object_component id="oc-106">
         <name>.data</name>
         <load_address>0x20002318</load_address>
         <run_address>0x20002318</run_address>
         <size>0x8</size>
         <input_file_ref idref="fl-6"/>
      </object_component>
      <object_component id="oc-209">
         <name>.data</name>
         <load_address>0x200022e8</load_address>
         <run_address>0x200022e8</run_address>
         <size>0x10</size>
         <input_file_ref idref="fl-9"/>
      </object_component>
      <object_component id="oc-1b3">
         <name>.data</name>
         <load_address>0x20002320</load_address>
         <run_address>0x20002320</run_address>
         <size>0x4</size>
         <input_file_ref idref="fl-a"/>
      </object_component>
      <object_component id="oc-19a">
         <name>.data</name>
         <load_address>0x20002324</load_address>
         <run_address>0x20002324</run_address>
         <size>0x4</size>
         <input_file_ref idref="fl-cd"/>
      </object_component>
      <object_component id="oc-ba">
         <name>.data:$O1$$</name>
         <load_address>0x200022f8</load_address>
         <run_address>0x200022f8</run_address>
         <size>0xc</size>
         <input_file_ref idref="fl-ce"/>
      </object_component>
      <object_component id="oc-2a4">
         <name>.data:$O1$$</name>
         <load_address>0x20002304</load_address>
         <run_address>0x20002304</run_address>
         <size>0xc</size>
         <input_file_ref idref="fl-d7"/>
      </object_component>
      <object_component id="oc-7a">
         <name>.data</name>
         <load_address>0x20002328</load_address>
         <run_address>0x20002328</run_address>
         <size>0x4</size>
         <input_file_ref idref="fl-de"/>
      </object_component>
      <object_component id="oc-bd">
         <name>.data:$O1$$</name>
         <load_address>0x20002310</load_address>
         <run_address>0x20002310</run_address>
         <size>0x8</size>
         <input_file_ref idref="fl-e3"/>
      </object_component>
      <object_component id="oc-1f4">
         <name>.bss:lastbuffer$3</name>
         <uninitialized>true</uninitialized>
         <run_address>0x20002270</run_address>
         <size>0x54</size>
         <input_file_ref idref="fl-5"/>
      </object_component>
      <object_component id="oc-20d">
         <name>.bss:firmware$2</name>
         <uninitialized>true</uninitialized>
         <run_address>0x200022c4</run_address>
         <size>0x18</size>
         <input_file_ref idref="fl-9"/>
      </object_component>
      <object_component id="oc-1ae">
         <name>.common:state</name>
         <uninitialized>true</uninitialized>
         <run_address>0x200022e4</run_address>
         <size>0x1</size>
      </object_component>
      <object_component id="oc-1b1">
         <name>.common:rising_time</name>
         <uninitialized>true</uninitialized>
         <run_address>0x200022e0</run_address>
         <size>0x4</size>
      </object_component>
      <object_component id="oc-1b2">
         <name>.common:falling_time</name>
         <uninitialized>true</uninitialized>
         <run_address>0x200022dc</run_address>
         <size>0x4</size>
      </object_component>
      <object_component id="oc-2b">
         <name>.sysmem</name>
         <uninitialized>true</uninitialized>
         <run_address>0x20001270</run_address>
         <size>0x8</size>
         <input_file_ref idref="fl-d7"/>
      </object_component>
      <object_component id="oc-318">
         <name>.sysmem</name>
         <uninitialized>true</uninitialized>
         <run_address>0x20001270</run_address>
         <size>0x0</size>
      </object_component>
      <object_component id="oc-2a">
         <name>.stack</name>
         <uninitialized>true</uninitialized>
         <run_address>0x2000026c</run_address>
         <size>0x0</size>
         <input_file_ref idref="fl-c7"/>
      </object_component>
      <object_component id="oc-317">
         <name>.stack</name>
         <uninitialized>true</uninitialized>
         <run_address>0x2000026c</run_address>
         <size>0x0</size>
      </object_component>
      <object_component id="oc-e1">
         <name>.debug_info</name>
         <load_address>0x0</load_address>
         <run_address>0x0</run_address>
         <size>0x3d1</size>
         <input_file_ref idref="fl-2"/>
      </object_component>
      <object_component id="oc-92">
         <name>.debug_info</name>
         <load_address>0x3d1</load_address>
         <run_address>0x3d1</run_address>
         <size>0x84</size>
         <input_file_ref idref="fl-2"/>
      </object_component>
      <object_component id="oc-85">
         <name>.debug_info</name>
         <load_address>0x455</load_address>
         <run_address>0x455</run_address>
         <size>0x18b</size>
         <input_file_ref idref="fl-2"/>
      </object_component>
      <object_component id="oc-178">
         <name>.debug_info</name>
         <load_address>0x5e0</load_address>
         <run_address>0x5e0</run_address>
         <size>0x2c</size>
         <input_file_ref idref="fl-2"/>
      </object_component>
      <object_component id="oc-292">
         <name>.debug_info</name>
         <load_address>0x60c</load_address>
         <run_address>0x60c</run_address>
         <size>0x17b</size>
         <input_file_ref idref="fl-3"/>
      </object_component>
      <object_component id="oc-149">
         <name>.debug_info</name>
         <load_address>0x787</load_address>
         <run_address>0x787</run_address>
         <size>0x1c7</size>
         <input_file_ref idref="fl-3"/>
      </object_component>
      <object_component id="oc-9a">
         <name>.debug_info</name>
         <load_address>0x94e</load_address>
         <run_address>0x94e</run_address>
         <size>0x2c</size>
         <input_file_ref idref="fl-3"/>
      </object_component>
      <object_component id="oc-1d3">
         <name>.debug_info</name>
         <load_address>0x97a</load_address>
         <run_address>0x97a</run_address>
         <size>0x4e</size>
         <input_file_ref idref="fl-3"/>
      </object_component>
      <object_component id="oc-2ae">
         <name>.debug_info</name>
         <load_address>0x9c8</load_address>
         <run_address>0x9c8</run_address>
         <size>0xe3</size>
         <input_file_ref idref="fl-4"/>
      </object_component>
      <object_component id="oc-115">
         <name>.debug_info</name>
         <load_address>0xaab</load_address>
         <run_address>0xaab</run_address>
         <size>0x141</size>
         <input_file_ref idref="fl-4"/>
      </object_component>
      <object_component id="oc-219">
         <name>.debug_info</name>
         <load_address>0xbec</load_address>
         <run_address>0xbec</run_address>
         <size>0xc8</size>
         <input_file_ref idref="fl-4"/>
      </object_component>
      <object_component id="oc-1f6">
         <name>.debug_info</name>
         <load_address>0xcb4</load_address>
         <run_address>0xcb4</run_address>
         <size>0x1b6</size>
         <input_file_ref idref="fl-5"/>
      </object_component>
      <object_component id="oc-1db">
         <name>.debug_info</name>
         <load_address>0xe6a</load_address>
         <run_address>0xe6a</run_address>
         <size>0x101</size>
         <input_file_ref idref="fl-5"/>
      </object_component>
      <object_component id="oc-139">
         <name>.debug_info</name>
         <load_address>0xf6b</load_address>
         <run_address>0xf6b</run_address>
         <size>0x822</size>
         <input_file_ref idref="fl-5"/>
      </object_component>
      <object_component id="oc-15a">
         <name>.debug_info</name>
         <load_address>0x178d</load_address>
         <run_address>0x178d</run_address>
         <size>0x495</size>
         <input_file_ref idref="fl-6"/>
      </object_component>
      <object_component id="oc-107">
         <name>.debug_info</name>
         <load_address>0x1c22</load_address>
         <run_address>0x1c22</run_address>
         <size>0xd6</size>
         <input_file_ref idref="fl-6"/>
      </object_component>
      <object_component id="oc-b3">
         <name>.debug_info</name>
         <load_address>0x1cf8</load_address>
         <run_address>0x1cf8</run_address>
         <size>0xcfc</size>
         <input_file_ref idref="fl-6"/>
      </object_component>
      <object_component id="oc-214">
         <name>.debug_info</name>
         <load_address>0x29f4</load_address>
         <run_address>0x29f4</run_address>
         <size>0x5aa</size>
         <input_file_ref idref="fl-6"/>
      </object_component>
      <object_component id="oc-211">
         <name>.debug_info</name>
         <load_address>0x2f9e</load_address>
         <run_address>0x2f9e</run_address>
         <size>0x1c2</size>
         <input_file_ref idref="fl-7"/>
      </object_component>
      <object_component id="oc-154">
         <name>.debug_info</name>
         <load_address>0x3160</load_address>
         <run_address>0x3160</run_address>
         <size>0x563</size>
         <input_file_ref idref="fl-7"/>
      </object_component>
      <object_component id="oc-20f">
         <name>.debug_info</name>
         <load_address>0x36c3</load_address>
         <run_address>0x36c3</run_address>
         <size>0x267</size>
         <input_file_ref idref="fl-9"/>
      </object_component>
      <object_component id="oc-20b">
         <name>.debug_info</name>
         <load_address>0x392a</load_address>
         <run_address>0x392a</run_address>
         <size>0xb3</size>
         <input_file_ref idref="fl-9"/>
      </object_component>
      <object_component id="oc-203">
         <name>.debug_info</name>
         <load_address>0x39dd</load_address>
         <run_address>0x39dd</run_address>
         <size>0x12b</size>
         <input_file_ref idref="fl-9"/>
      </object_component>
      <object_component id="oc-14e">
         <name>.debug_info</name>
         <load_address>0x3b08</load_address>
         <run_address>0x3b08</run_address>
         <size>0x14c3</size>
         <input_file_ref idref="fl-9"/>
      </object_component>
      <object_component id="oc-1af">
         <name>.debug_info</name>
         <load_address>0x4fcb</load_address>
         <run_address>0x4fcb</run_address>
         <size>0x1eb</size>
         <input_file_ref idref="fl-a"/>
      </object_component>
      <object_component id="oc-1b4">
         <name>.debug_info</name>
         <load_address>0x51b6</load_address>
         <run_address>0x51b6</run_address>
         <size>0xb5</size>
         <input_file_ref idref="fl-a"/>
      </object_component>
      <object_component id="oc-10f">
         <name>.debug_info</name>
         <load_address>0x526b</load_address>
         <run_address>0x526b</run_address>
         <size>0x301</size>
         <input_file_ref idref="fl-a"/>
      </object_component>
      <object_component id="oc-24a">
         <name>.debug_info</name>
         <load_address>0x556c</load_address>
         <run_address>0x556c</run_address>
         <size>0x44</size>
         <input_file_ref idref="fl-a"/>
      </object_component>
      <object_component id="oc-1b7">
         <name>.debug_info</name>
         <load_address>0x55b0</load_address>
         <run_address>0x55b0</run_address>
         <size>0x8b</size>
         <input_file_ref idref="fl-a"/>
      </object_component>
      <object_component id="oc-36">
         <name>.debug_info</name>
         <load_address>0x563b</load_address>
         <run_address>0x563b</run_address>
         <size>0xdc</size>
         <input_file_ref idref="fl-b"/>
      </object_component>
      <object_component id="oc-10">
         <name>.debug_info</name>
         <load_address>0x5717</load_address>
         <run_address>0x5717</run_address>
         <size>0xc7</size>
         <input_file_ref idref="fl-b"/>
      </object_component>
      <object_component id="oc-2f">
         <name>.debug_info</name>
         <load_address>0x57de</load_address>
         <run_address>0x57de</run_address>
         <size>0x243</size>
         <input_file_ref idref="fl-b"/>
      </object_component>
      <object_component id="oc-1f8">
         <name>.debug_info</name>
         <load_address>0x5a21</load_address>
         <run_address>0x5a21</run_address>
         <size>0x123</size>
         <input_file_ref idref="fl-c"/>
      </object_component>
      <object_component id="oc-13c">
         <name>.debug_info</name>
         <load_address>0x5b44</load_address>
         <run_address>0x5b44</run_address>
         <size>0x297</size>
         <input_file_ref idref="fl-c"/>
      </object_component>
      <object_component id="oc-27">
         <name>.debug_info</name>
         <load_address>0x5ddb</load_address>
         <run_address>0x5ddb</run_address>
         <size>0x17c</size>
         <input_file_ref idref="fl-c7"/>
      </object_component>
      <object_component id="oc-42">
         <name>.debug_info</name>
         <load_address>0x5f57</load_address>
         <run_address>0x5f57</run_address>
         <size>0x15c</size>
         <input_file_ref idref="fl-c8"/>
      </object_component>
      <object_component id="oc-14">
         <name>.debug_info</name>
         <load_address>0x60b3</load_address>
         <run_address>0x60b3</run_address>
         <size>0x1fb</size>
         <input_file_ref idref="fl-c8"/>
      </object_component>
      <object_component id="oc-3d">
         <name>.debug_info</name>
         <load_address>0x62ae</load_address>
         <run_address>0x62ae</run_address>
         <size>0x46</size>
         <input_file_ref idref="fl-c8"/>
      </object_component>
      <object_component id="oc-8b">
         <name>.debug_info</name>
         <load_address>0x62f4</load_address>
         <run_address>0x62f4</run_address>
         <size>0x2c</size>
         <input_file_ref idref="fl-c8"/>
      </object_component>
      <object_component id="oc-4a">
         <name>.debug_info</name>
         <load_address>0x6320</load_address>
         <run_address>0x6320</run_address>
         <size>0x150</size>
         <input_file_ref idref="fl-c9"/>
      </object_component>
      <object_component id="oc-44">
         <name>.debug_info</name>
         <load_address>0x6470</load_address>
         <run_address>0x6470</run_address>
         <size>0x263</size>
         <input_file_ref idref="fl-c9"/>
      </object_component>
      <object_component id="oc-19">
         <name>.debug_info</name>
         <load_address>0x66d3</load_address>
         <run_address>0x66d3</run_address>
         <size>0x1cd</size>
         <input_file_ref idref="fl-c9"/>
      </object_component>
      <object_component id="oc-4b">
         <name>.debug_info</name>
         <load_address>0x68a0</load_address>
         <run_address>0x68a0</run_address>
         <size>0x39</size>
         <input_file_ref idref="fl-c9"/>
      </object_component>
      <object_component id="oc-1c7">
         <name>.debug_info</name>
         <load_address>0x68d9</load_address>
         <run_address>0x68d9</run_address>
         <size>0x21d</size>
         <input_file_ref idref="fl-cb"/>
      </object_component>
      <object_component id="oc-1be">
         <name>.debug_info</name>
         <load_address>0x6af6</load_address>
         <run_address>0x6af6</run_address>
         <size>0x139</size>
         <input_file_ref idref="fl-cb"/>
      </object_component>
      <object_component id="oc-11b">
         <name>.debug_info</name>
         <load_address>0x6c2f</load_address>
         <run_address>0x6c2f</run_address>
         <size>0xb91</size>
         <input_file_ref idref="fl-cb"/>
      </object_component>
      <object_component id="oc-193">
         <name>.debug_info</name>
         <load_address>0x77c0</load_address>
         <run_address>0x77c0</run_address>
         <size>0x39</size>
         <input_file_ref idref="fl-cb"/>
      </object_component>
      <object_component id="oc-19e">
         <name>.debug_info</name>
         <load_address>0x77f9</load_address>
         <run_address>0x77f9</run_address>
         <size>0x165</size>
         <input_file_ref idref="fl-cc"/>
      </object_component>
      <object_component id="oc-101">
         <name>.debug_info</name>
         <load_address>0x795e</load_address>
         <run_address>0x795e</run_address>
         <size>0x25c</size>
         <input_file_ref idref="fl-cc"/>
      </object_component>
      <object_component id="oc-19b">
         <name>.debug_info</name>
         <load_address>0x7bba</load_address>
         <run_address>0x7bba</run_address>
         <size>0x10f</size>
         <input_file_ref idref="fl-cd"/>
      </object_component>
      <object_component id="oc-c1">
         <name>.debug_info</name>
         <load_address>0x7cc9</load_address>
         <run_address>0x7cc9</run_address>
         <size>0x250</size>
         <input_file_ref idref="fl-ce"/>
      </object_component>
      <object_component id="oc-bb">
         <name>.debug_info</name>
         <load_address>0x7f19</load_address>
         <run_address>0x7f19</run_address>
         <size>0x1a1</size>
         <input_file_ref idref="fl-ce"/>
      </object_component>
      <object_component id="oc-76">
         <name>.debug_info</name>
         <load_address>0x80ba</load_address>
         <run_address>0x80ba</run_address>
         <size>0x230</size>
         <input_file_ref idref="fl-ce"/>
      </object_component>
      <object_component id="oc-fe">
         <name>.debug_info</name>
         <load_address>0x82ea</load_address>
         <run_address>0x82ea</run_address>
         <size>0x160</size>
         <input_file_ref idref="fl-cf"/>
      </object_component>
      <object_component id="oc-10b">
         <name>.debug_info</name>
         <load_address>0x844a</load_address>
         <run_address>0x844a</run_address>
         <size>0x13c</size>
         <input_file_ref idref="fl-d0"/>
      </object_component>
      <object_component id="oc-127">
         <name>.debug_info</name>
         <load_address>0x8586</load_address>
         <run_address>0x8586</run_address>
         <size>0x13e</size>
         <input_file_ref idref="fl-d0"/>
      </object_component>
      <object_component id="oc-f1">
         <name>.debug_info</name>
         <load_address>0x86c4</load_address>
         <run_address>0x86c4</run_address>
         <size>0x14e</size>
         <input_file_ref idref="fl-d1"/>
      </object_component>
      <object_component id="oc-ed">
         <name>.debug_info</name>
         <load_address>0x8812</load_address>
         <run_address>0x8812</run_address>
         <size>0x14e</size>
         <input_file_ref idref="fl-d2"/>
      </object_component>
      <object_component id="oc-121">
         <name>.debug_info</name>
         <load_address>0x8960</load_address>
         <run_address>0x8960</run_address>
         <size>0x142</size>
         <input_file_ref idref="fl-d3"/>
      </object_component>
      <object_component id="oc-131">
         <name>.debug_info</name>
         <load_address>0x8aa2</load_address>
         <run_address>0x8aa2</run_address>
         <size>0x14d</size>
         <input_file_ref idref="fl-d4"/>
      </object_component>
      <object_component id="oc-e7">
         <name>.debug_info</name>
         <load_address>0x8bef</load_address>
         <run_address>0x8bef</run_address>
         <size>0x140</size>
         <input_file_ref idref="fl-d5"/>
      </object_component>
      <object_component id="oc-38">
         <name>.debug_info</name>
         <load_address>0x8d2f</load_address>
         <run_address>0x8d2f</run_address>
         <size>0x12d</size>
         <input_file_ref idref="fl-d6"/>
      </object_component>
      <object_component id="oc-80">
         <name>.debug_info</name>
         <load_address>0x8e5c</load_address>
         <run_address>0x8e5c</run_address>
         <size>0x23e</size>
         <input_file_ref idref="fl-d7"/>
      </object_component>
      <object_component id="oc-2c">
         <name>.debug_info</name>
         <load_address>0x909a</load_address>
         <run_address>0x909a</run_address>
         <size>0x11d</size>
         <input_file_ref idref="fl-d7"/>
      </object_component>
      <object_component id="oc-2a5">
         <name>.debug_info</name>
         <load_address>0x91b7</load_address>
         <run_address>0x91b7</run_address>
         <size>0x168</size>
         <input_file_ref idref="fl-d7"/>
      </object_component>
      <object_component id="oc-1fd">
         <name>.debug_info</name>
         <load_address>0x931f</load_address>
         <run_address>0x931f</run_address>
         <size>0x8a7</size>
         <input_file_ref idref="fl-d7"/>
      </object_component>
      <object_component id="oc-c7">
         <name>.debug_info</name>
         <load_address>0x9bc6</load_address>
         <run_address>0x9bc6</run_address>
         <size>0x2c</size>
         <input_file_ref idref="fl-d7"/>
      </object_component>
      <object_component id="oc-cc">
         <name>.debug_info</name>
         <load_address>0x9bf2</load_address>
         <run_address>0x9bf2</run_address>
         <size>0x62</size>
         <input_file_ref idref="fl-d7"/>
      </object_component>
      <object_component id="oc-52">
         <name>.debug_info</name>
         <load_address>0x9c54</load_address>
         <run_address>0x9c54</run_address>
         <size>0x15b</size>
         <input_file_ref idref="fl-d8"/>
      </object_component>
      <object_component id="oc-5d">
         <name>.debug_info</name>
         <load_address>0x9daf</load_address>
         <run_address>0x9daf</run_address>
         <size>0x154</size>
         <input_file_ref idref="fl-d9"/>
      </object_component>
      <object_component id="oc-63">
         <name>.debug_info</name>
         <load_address>0x9f03</load_address>
         <run_address>0x9f03</run_address>
         <size>0x164</size>
         <input_file_ref idref="fl-da"/>
      </object_component>
      <object_component id="oc-198">
         <name>.debug_info</name>
         <load_address>0xa067</load_address>
         <run_address>0xa067</run_address>
         <size>0x227</size>
         <input_file_ref idref="fl-db"/>
      </object_component>
      <object_component id="oc-f6">
         <name>.debug_info</name>
         <load_address>0xa28e</load_address>
         <run_address>0xa28e</run_address>
         <size>0x7ab</size>
         <input_file_ref idref="fl-db"/>
      </object_component>
      <object_component id="oc-259">
         <name>.debug_info</name>
         <load_address>0xaa39</load_address>
         <run_address>0xaa39</run_address>
         <size>0x198</size>
         <input_file_ref idref="fl-dc"/>
      </object_component>
      <object_component id="oc-1c1">
         <name>.debug_info</name>
         <load_address>0xabd1</load_address>
         <run_address>0xabd1</run_address>
         <size>0x1f1</size>
         <input_file_ref idref="fl-dc"/>
      </object_component>
      <object_component id="oc-22f">
         <name>.debug_info</name>
         <load_address>0xadc2</load_address>
         <run_address>0xadc2</run_address>
         <size>0x2c</size>
         <input_file_ref idref="fl-dc"/>
      </object_component>
      <object_component id="oc-1d2">
         <name>.debug_info</name>
         <load_address>0xadee</load_address>
         <run_address>0xadee</run_address>
         <size>0x1d7</size>
         <input_file_ref idref="fl-dd"/>
      </object_component>
      <object_component id="oc-12c">
         <name>.debug_info</name>
         <load_address>0xafc5</load_address>
         <run_address>0xafc5</run_address>
         <size>0x300</size>
         <input_file_ref idref="fl-dd"/>
      </object_component>
      <object_component id="oc-286">
         <name>.debug_info</name>
         <load_address>0xb2c5</load_address>
         <run_address>0xb2c5</run_address>
         <size>0x2c</size>
         <input_file_ref idref="fl-dd"/>
      </object_component>
      <object_component id="oc-7b">
         <name>.debug_info</name>
         <load_address>0xb2f1</load_address>
         <run_address>0xb2f1</run_address>
         <size>0x125</size>
         <input_file_ref idref="fl-de"/>
      </object_component>
      <object_component id="oc-29b">
         <name>.debug_info</name>
         <load_address>0xb416</load_address>
         <run_address>0xb416</run_address>
         <size>0x101</size>
         <input_file_ref idref="fl-df"/>
      </object_component>
      <object_component id="oc-1e9">
         <name>.debug_info</name>
         <load_address>0xb517</load_address>
         <run_address>0xb517</run_address>
         <size>0x2aa</size>
         <input_file_ref idref="fl-df"/>
      </object_component>
      <object_component id="oc-29d">
         <name>.debug_info</name>
         <load_address>0xb7c1</load_address>
         <run_address>0xb7c1</run_address>
         <size>0x10c</size>
         <input_file_ref idref="fl-e0"/>
      </object_component>
      <object_component id="oc-1ee">
         <name>.debug_info</name>
         <load_address>0xb8cd</load_address>
         <run_address>0xb8cd</run_address>
         <size>0x283</size>
         <input_file_ref idref="fl-e0"/>
      </object_component>
      <object_component id="oc-1fa">
         <name>.debug_info</name>
         <load_address>0xbb50</load_address>
         <run_address>0xbb50</run_address>
         <size>0x106</size>
         <input_file_ref idref="fl-e1"/>
      </object_component>
      <object_component id="oc-142">
         <name>.debug_info</name>
         <load_address>0xbc56</load_address>
         <run_address>0xbc56</run_address>
         <size>0x27c</size>
         <input_file_ref idref="fl-e1"/>
      </object_component>
      <object_component id="oc-294">
         <name>.debug_info</name>
         <load_address>0xbed2</load_address>
         <run_address>0xbed2</run_address>
         <size>0x1e4</size>
         <input_file_ref idref="fl-e2"/>
      </object_component>
      <object_component id="oc-1e2">
         <name>.debug_info</name>
         <load_address>0xc0b6</load_address>
         <run_address>0xc0b6</run_address>
         <size>0x378</size>
         <input_file_ref idref="fl-e2"/>
      </object_component>
      <object_component id="oc-295">
         <name>.debug_info</name>
         <load_address>0xc42e</load_address>
         <run_address>0xc42e</run_address>
         <size>0x69</size>
         <input_file_ref idref="fl-e2"/>
      </object_component>
      <object_component id="oc-16c">
         <name>.debug_info</name>
         <load_address>0xc497</load_address>
         <run_address>0xc497</run_address>
         <size>0x140</size>
         <input_file_ref idref="fl-e3"/>
      </object_component>
      <object_component id="oc-be">
         <name>.debug_info</name>
         <load_address>0xc5d7</load_address>
         <run_address>0xc5d7</run_address>
         <size>0x12f</size>
         <input_file_ref idref="fl-e3"/>
      </object_component>
      <object_component id="oc-167">
         <name>.debug_info</name>
         <load_address>0xc706</load_address>
         <run_address>0xc706</run_address>
         <size>0x23b</size>
         <input_file_ref idref="fl-e3"/>
      </object_component>
      <object_component id="oc-280">
         <name>.debug_info</name>
         <load_address>0xc941</load_address>
         <run_address>0xc941</run_address>
         <size>0x3ac</size>
         <input_file_ref idref="fl-e4"/>
      </object_component>
      <object_component id="oc-1cd">
         <name>.debug_info</name>
         <load_address>0xcced</load_address>
         <run_address>0xcced</run_address>
         <size>0x180c</size>
         <input_file_ref idref="fl-e4"/>
      </object_component>
      <object_component id="oc-281">
         <name>.debug_info</name>
         <load_address>0xe4f9</load_address>
         <run_address>0xe4f9</run_address>
         <size>0x86</size>
         <input_file_ref idref="fl-e4"/>
      </object_component>
      <object_component id="oc-2d1">
         <name>.debug_info</name>
         <load_address>0xe57f</load_address>
         <run_address>0xe57f</run_address>
         <size>0x46</size>
         <input_file_ref idref="fl-e4"/>
      </object_component>
      <object_component id="oc-28b">
         <name>.debug_info</name>
         <load_address>0xe5c5</load_address>
         <run_address>0xe5c5</run_address>
         <size>0x39</size>
         <input_file_ref idref="fl-e4"/>
      </object_component>
      <object_component id="oc-b9">
         <name>.debug_info</name>
         <load_address>0xe5fe</load_address>
         <run_address>0xe5fe</run_address>
         <size>0x182</size>
         <input_file_ref idref="fl-e5"/>
      </object_component>
      <object_component id="oc-72">
         <name>.debug_info</name>
         <load_address>0xe780</load_address>
         <run_address>0xe780</run_address>
         <size>0x183</size>
         <input_file_ref idref="fl-e5"/>
      </object_component>
      <object_component id="oc-15d">
         <name>.debug_info</name>
         <load_address>0xe903</load_address>
         <run_address>0xe903</run_address>
         <size>0x5e</size>
         <input_file_ref idref="fl-e5"/>
      </object_component>
      <object_component id="oc-2ce">
         <name>.debug_info</name>
         <load_address>0xe961</load_address>
         <run_address>0xe961</run_address>
         <size>0x130</size>
         <input_file_ref idref="fl-e6"/>
      </object_component>
      <object_component id="oc-27b">
         <name>.debug_info</name>
         <load_address>0xea91</load_address>
         <run_address>0xea91</run_address>
         <size>0x18d</size>
         <input_file_ref idref="fl-e6"/>
      </object_component>
      <object_component id="oc-b1">
         <name>.debug_info</name>
         <load_address>0xec1e</load_address>
         <run_address>0xec1e</run_address>
         <size>0x305</size>
         <input_file_ref idref="fl-e7"/>
      </object_component>
      <object_component id="oc-6a">
         <name>.debug_info</name>
         <load_address>0xef23</load_address>
         <run_address>0xef23</run_address>
         <size>0x1ac</size>
         <input_file_ref idref="fl-e7"/>
      </object_component>
      <object_component id="oc-d6">
         <name>.debug_info</name>
         <load_address>0xf0cf</load_address>
         <run_address>0xf0cf</run_address>
         <size>0x39</size>
         <input_file_ref idref="fl-e7"/>
      </object_component>
      <object_component id="oc-db">
         <name>.debug_info</name>
         <load_address>0xf108</load_address>
         <run_address>0xf108</run_address>
         <size>0xcd</size>
         <input_file_ref idref="fl-e7"/>
      </object_component>
      <object_component id="oc-d2">
         <name>.debug_info</name>
         <load_address>0xf1d5</load_address>
         <run_address>0xf1d5</run_address>
         <size>0x1fc</size>
         <input_file_ref idref="fl-e8"/>
      </object_component>
      <object_component id="oc-a8">
         <name>.debug_info</name>
         <load_address>0xf3d1</load_address>
         <run_address>0xf3d1</run_address>
         <size>0x19f</size>
         <input_file_ref idref="fl-e8"/>
      </object_component>
      <object_component id="oc-172">
         <name>.debug_info</name>
         <load_address>0xf570</load_address>
         <run_address>0xf570</run_address>
         <size>0x2c</size>
         <input_file_ref idref="fl-e8"/>
      </object_component>
      <object_component id="oc-2ee">
         <name>.debug_info</name>
         <load_address>0xf59c</load_address>
         <run_address>0xf59c</run_address>
         <size>0x10a</size>
         <input_file_ref idref="fl-e9"/>
      </object_component>
      <object_component id="oc-2cb">
         <name>.debug_info</name>
         <load_address>0xf6a6</load_address>
         <run_address>0xf6a6</run_address>
         <size>0x116</size>
         <input_file_ref idref="fl-e9"/>
      </object_component>
      <object_component id="oc-222">
         <name>.debug_info</name>
         <load_address>0xf7bc</load_address>
         <run_address>0xf7bc</run_address>
         <size>0xfa</size>
         <input_file_ref idref="fl-ea"/>
      </object_component>
      <object_component id="oc-181">
         <name>.debug_info</name>
         <load_address>0xf8b6</load_address>
         <run_address>0xf8b6</run_address>
         <size>0x338</size>
         <input_file_ref idref="fl-ea"/>
      </object_component>
      <object_component id="oc-22d">
         <name>.debug_info</name>
         <load_address>0xfbee</load_address>
         <run_address>0xfbee</run_address>
         <size>0x21c</size>
         <input_file_ref idref="fl-eb"/>
      </object_component>
      <object_component id="oc-22a">
         <name>.debug_info</name>
         <load_address>0xfe0a</load_address>
         <run_address>0xfe0a</run_address>
         <size>0x14b</size>
         <input_file_ref idref="fl-eb"/>
      </object_component>
      <object_component id="oc-188">
         <name>.debug_info</name>
         <load_address>0xff55</load_address>
         <run_address>0xff55</run_address>
         <size>0x742</size>
         <input_file_ref idref="fl-eb"/>
      </object_component>
      <object_component id="oc-235">
         <name>.debug_info</name>
         <load_address>0x10697</load_address>
         <run_address>0x10697</run_address>
         <size>0xff</size>
         <input_file_ref idref="fl-ec"/>
      </object_component>
      <object_component id="oc-18e">
         <name>.debug_info</name>
         <load_address>0x10796</load_address>
         <run_address>0x10796</run_address>
         <size>0x391</size>
         <input_file_ref idref="fl-ec"/>
      </object_component>
      <object_component id="oc-2c3">
         <name>.debug_info</name>
         <load_address>0x10b27</load_address>
         <run_address>0x10b27</run_address>
         <size>0x168</size>
         <input_file_ref idref="fl-ed"/>
      </object_component>
      <object_component id="oc-265">
         <name>.debug_info</name>
         <load_address>0x10c8f</load_address>
         <run_address>0x10c8f</run_address>
         <size>0x1de</size>
         <input_file_ref idref="fl-ed"/>
      </object_component>
      <object_component id="oc-2c9">
         <name>.debug_info</name>
         <load_address>0x10e6d</load_address>
         <run_address>0x10e6d</run_address>
         <size>0x10d</size>
         <input_file_ref idref="fl-ee"/>
      </object_component>
      <object_component id="oc-274">
         <name>.debug_info</name>
         <load_address>0x10f7a</load_address>
         <run_address>0x10f7a</run_address>
         <size>0x1c7</size>
         <input_file_ref idref="fl-ee"/>
      </object_component>
      <object_component id="oc-253">
         <name>.debug_info</name>
         <load_address>0x11141</load_address>
         <run_address>0x11141</run_address>
         <size>0x172</size>
         <input_file_ref idref="fl-ef"/>
      </object_component>
      <object_component id="oc-2b2">
         <name>.debug_info</name>
         <load_address>0x112b3</load_address>
         <run_address>0x112b3</run_address>
         <size>0x150</size>
         <input_file_ref idref="fl-f0"/>
      </object_component>
      <object_component id="oc-224">
         <name>.debug_info</name>
         <load_address>0x11403</load_address>
         <run_address>0x11403</run_address>
         <size>0x23b</size>
         <input_file_ref idref="fl-f0"/>
      </object_component>
      <object_component id="oc-2c5">
         <name>.debug_info</name>
         <load_address>0x1163e</load_address>
         <run_address>0x1163e</run_address>
         <size>0x15b</size>
         <input_file_ref idref="fl-f1"/>
      </object_component>
      <object_component id="oc-268">
         <name>.debug_info</name>
         <load_address>0x11799</load_address>
         <run_address>0x11799</run_address>
         <size>0x1a6</size>
         <input_file_ref idref="fl-f1"/>
      </object_component>
      <object_component id="oc-ab">
         <name>.debug_info</name>
         <load_address>0x1193f</load_address>
         <run_address>0x1193f</run_address>
         <size>0x161</size>
         <input_file_ref idref="fl-f2"/>
      </object_component>
      <object_component id="oc-2c7">
         <name>.debug_info</name>
         <load_address>0x11aa0</load_address>
         <run_address>0x11aa0</run_address>
         <size>0x111</size>
         <input_file_ref idref="fl-f3"/>
      </object_component>
      <object_component id="oc-271">
         <name>.debug_info</name>
         <load_address>0x11bb1</load_address>
         <run_address>0x11bb1</run_address>
         <size>0x296</size>
         <input_file_ref idref="fl-f3"/>
      </object_component>
      <object_component id="oc-25d">
         <name>.debug_info</name>
         <load_address>0x11e47</load_address>
         <run_address>0x11e47</run_address>
         <size>0x199</size>
         <input_file_ref idref="fl-f4"/>
      </object_component>
      <object_component id="oc-240">
         <name>.debug_info</name>
         <load_address>0x11fe0</load_address>
         <run_address>0x11fe0</run_address>
         <size>0x20e</size>
         <input_file_ref idref="fl-f5"/>
      </object_component>
      <object_component id="oc-23d">
         <name>.debug_info</name>
         <load_address>0x121ee</load_address>
         <run_address>0x121ee</run_address>
         <size>0x157</size>
         <input_file_ref idref="fl-f5"/>
      </object_component>
      <object_component id="oc-1a4">
         <name>.debug_info</name>
         <load_address>0x12345</load_address>
         <run_address>0x12345</run_address>
         <size>0x2c1</size>
         <input_file_ref idref="fl-f5"/>
      </object_component>
      <object_component id="oc-1aa">
         <name>.debug_info</name>
         <load_address>0x12606</load_address>
         <run_address>0x12606</run_address>
         <size>0x23e</size>
         <input_file_ref idref="fl-f5"/>
      </object_component>
      <object_component id="oc-244">
         <name>.debug_info</name>
         <load_address>0x12844</load_address>
         <run_address>0x12844</run_address>
         <size>0x212</size>
         <input_file_ref idref="fl-f6"/>
      </object_component>
      <object_component id="oc-319">
         <name>.debug_info</name>
         <load_address>0x12a56</load_address>
         <run_address>0x12a56</run_address>
         <size>0x7d</size>
      </object_component>
      <object_component id="oc-e4">
         <name>.debug_line</name>
         <load_address>0x0</load_address>
         <run_address>0x0</run_address>
         <size>0x110</size>
         <input_file_ref idref="fl-2"/>
      </object_component>
      <object_component id="oc-95">
         <name>.debug_line</name>
         <load_address>0x110</load_address>
         <run_address>0x110</run_address>
         <size>0x20</size>
         <input_file_ref idref="fl-2"/>
      </object_component>
      <object_component id="oc-88">
         <name>.debug_line</name>
         <load_address>0x130</load_address>
         <run_address>0x130</run_address>
         <size>0x66</size>
         <input_file_ref idref="fl-2"/>
      </object_component>
      <object_component id="oc-17b">
         <name>.debug_line</name>
         <load_address>0x196</load_address>
         <run_address>0x196</run_address>
         <size>0x2e</size>
         <input_file_ref idref="fl-2"/>
      </object_component>
      <object_component id="oc-2d7">
         <name>.debug_line</name>
         <load_address>0x1c4</load_address>
         <run_address>0x1c4</run_address>
         <size>0x80</size>
         <input_file_ref idref="fl-3"/>
      </object_component>
      <object_component id="oc-148">
         <name>.debug_line</name>
         <load_address>0x244</load_address>
         <run_address>0x244</run_address>
         <size>0x71</size>
         <input_file_ref idref="fl-3"/>
      </object_component>
      <object_component id="oc-9d">
         <name>.debug_line</name>
         <load_address>0x2b5</load_address>
         <run_address>0x2b5</run_address>
         <size>0x66</size>
         <input_file_ref idref="fl-3"/>
      </object_component>
      <object_component id="oc-1d6">
         <name>.debug_line</name>
         <load_address>0x31b</load_address>
         <run_address>0x31b</run_address>
         <size>0x66</size>
         <input_file_ref idref="fl-3"/>
      </object_component>
      <object_component id="oc-2e1">
         <name>.debug_line</name>
         <load_address>0x381</load_address>
         <run_address>0x381</run_address>
         <size>0x20</size>
         <input_file_ref idref="fl-4"/>
      </object_component>
      <object_component id="oc-118">
         <name>.debug_line</name>
         <load_address>0x3a1</load_address>
         <run_address>0x3a1</run_address>
         <size>0x6c</size>
         <input_file_ref idref="fl-4"/>
      </object_component>
      <object_component id="oc-21c">
         <name>.debug_line</name>
         <load_address>0x40d</load_address>
         <run_address>0x40d</run_address>
         <size>0x65</size>
         <input_file_ref idref="fl-4"/>
      </object_component>
      <object_component id="oc-29f">
         <name>.debug_line</name>
         <load_address>0x472</load_address>
         <run_address>0x472</run_address>
         <size>0xb9</size>
         <input_file_ref idref="fl-5"/>
      </object_component>
      <object_component id="oc-1de">
         <name>.debug_line</name>
         <load_address>0x52b</load_address>
         <run_address>0x52b</run_address>
         <size>0x45</size>
         <input_file_ref idref="fl-5"/>
      </object_component>
      <object_component id="oc-136">
         <name>.debug_line</name>
         <load_address>0x570</load_address>
         <run_address>0x570</run_address>
         <size>0x192</size>
         <input_file_ref idref="fl-5"/>
      </object_component>
      <object_component id="oc-213">
         <name>.debug_line</name>
         <load_address>0x702</load_address>
         <run_address>0x702</run_address>
         <size>0x165</size>
         <input_file_ref idref="fl-6"/>
      </object_component>
      <object_component id="oc-1a0">
         <name>.debug_line</name>
         <load_address>0x867</load_address>
         <run_address>0x867</run_address>
         <size>0x2d</size>
         <input_file_ref idref="fl-6"/>
      </object_component>
      <object_component id="oc-b7">
         <name>.debug_line</name>
         <load_address>0x894</load_address>
         <run_address>0x894</run_address>
         <size>0x2d1</size>
         <input_file_ref idref="fl-6"/>
      </object_component>
      <object_component id="oc-217">
         <name>.debug_line</name>
         <load_address>0xb65</load_address>
         <run_address>0xb65</run_address>
         <size>0x37</size>
         <input_file_ref idref="fl-6"/>
      </object_component>
      <object_component id="oc-2ad">
         <name>.debug_line</name>
         <load_address>0xb9c</load_address>
         <run_address>0xb9c</run_address>
         <size>0x45</size>
         <input_file_ref idref="fl-7"/>
      </object_component>
      <object_component id="oc-157">
         <name>.debug_line</name>
         <load_address>0xbe1</load_address>
         <run_address>0xbe1</run_address>
         <size>0x117</size>
         <input_file_ref idref="fl-7"/>
      </object_component>
      <object_component id="oc-2ab">
         <name>.debug_line</name>
         <load_address>0xcf8</load_address>
         <run_address>0xcf8</run_address>
         <size>0xd1</size>
         <input_file_ref idref="fl-9"/>
      </object_component>
      <object_component id="oc-2a9">
         <name>.debug_line</name>
         <load_address>0xdc9</load_address>
         <run_address>0xdc9</run_address>
         <size>0x37</size>
         <input_file_ref idref="fl-9"/>
      </object_component>
      <object_component id="oc-206">
         <name>.debug_line</name>
         <load_address>0xe00</load_address>
         <run_address>0xe00</run_address>
         <size>0x4f</size>
         <input_file_ref idref="fl-9"/>
      </object_component>
      <object_component id="oc-151">
         <name>.debug_line</name>
         <load_address>0xe4f</load_address>
         <run_address>0xe4f</run_address>
         <size>0x39e</size>
         <input_file_ref idref="fl-9"/>
      </object_component>
      <object_component id="oc-249">
         <name>.debug_line</name>
         <load_address>0x11ed</load_address>
         <run_address>0x11ed</run_address>
         <size>0x76</size>
         <input_file_ref idref="fl-a"/>
      </object_component>
      <object_component id="oc-24f">
         <name>.debug_line</name>
         <load_address>0x1263</load_address>
         <run_address>0x1263</run_address>
         <size>0x2d</size>
         <input_file_ref idref="fl-a"/>
      </object_component>
      <object_component id="oc-112">
         <name>.debug_line</name>
         <load_address>0x1290</load_address>
         <run_address>0x1290</run_address>
         <size>0x101</size>
         <input_file_ref idref="fl-a"/>
      </object_component>
      <object_component id="oc-24c">
         <name>.debug_line</name>
         <load_address>0x1391</load_address>
         <run_address>0x1391</run_address>
         <size>0x2d</size>
         <input_file_ref idref="fl-a"/>
      </object_component>
      <object_component id="oc-1ba">
         <name>.debug_line</name>
         <load_address>0x13be</load_address>
         <run_address>0x13be</run_address>
         <size>0x20</size>
         <input_file_ref idref="fl-a"/>
      </object_component>
      <object_component id="oc-84">
         <name>.debug_line</name>
         <load_address>0x13de</load_address>
         <run_address>0x13de</run_address>
         <size>0x41</size>
         <input_file_ref idref="fl-b"/>
      </object_component>
      <object_component id="oc-35">
         <name>.debug_line</name>
         <load_address>0x141f</load_address>
         <run_address>0x141f</run_address>
         <size>0x41</size>
         <input_file_ref idref="fl-b"/>
      </object_component>
      <object_component id="oc-32">
         <name>.debug_line</name>
         <load_address>0x1460</load_address>
         <run_address>0x1460</run_address>
         <size>0xa1</size>
         <input_file_ref idref="fl-b"/>
      </object_component>
      <object_component id="oc-2a1">
         <name>.debug_line</name>
         <load_address>0x1501</load_address>
         <run_address>0x1501</run_address>
         <size>0x72</size>
         <input_file_ref idref="fl-c"/>
      </object_component>
      <object_component id="oc-140">
         <name>.debug_line</name>
         <load_address>0x1573</load_address>
         <run_address>0x1573</run_address>
         <size>0xbe</size>
         <input_file_ref idref="fl-c"/>
      </object_component>
      <object_component id="oc-25">
         <name>.debug_line</name>
         <load_address>0x1631</load_address>
         <run_address>0x1631</run_address>
         <size>0x53</size>
         <input_file_ref idref="fl-c7"/>
      </object_component>
      <object_component id="oc-91">
         <name>.debug_line</name>
         <load_address>0x1684</load_address>
         <run_address>0x1684</run_address>
         <size>0xa5</size>
         <input_file_ref idref="fl-c8"/>
      </object_component>
      <object_component id="oc-13">
         <name>.debug_line</name>
         <load_address>0x1729</load_address>
         <run_address>0x1729</run_address>
         <size>0x55</size>
         <input_file_ref idref="fl-c8"/>
      </object_component>
      <object_component id="oc-40">
         <name>.debug_line</name>
[...]
         <name>movement</name>
         <value>0x4349</value>
         <object_component_ref idref="oc-153"/>
      </symbol>
      <symbol id="sm-181">
         <name>turn</name>
         <value>0x4485</value>
         <object_component_ref idref="oc-153"/>
      </symbol>
      <symbol id="sm-182">
         <name>race</name>
         <value>0x4511</value>
         <object_component_ref idref="oc-153"/>
      </symbol>
      <symbol id="sm-22e">
         <name>go_charge</name>
         <value>0x1a21</value>
         <object_component_ref idref="oc-14d"/>
      </symbol>
      <symbol id="sm-22f">
         <name>GPIOF_Handler</name>
         <value>0x1c6f</value>
         <object_component_ref idref="oc-14d"/>
      </symbol>
      <symbol id="sm-230">
         <name>getDegrees</name>
         <value>0x1c99</value>
         <object_component_ref idref="oc-14d"/>
      </symbol>
      <symbol id="sm-231">
         <name>oi_free</name>
         <value>0x1389</value>
         <object_component_ref idref="oc-14d"/>
      </symbol>
      <symbol id="sm-232">
         <name>oi_uartReceive</name>
         <value>0x1ad3</value>
         <object_component_ref idref="oc-14d"/>
      </symbol>
      <symbol id="sm-233">
         <name>oi_setWheels</name>
         <value>0x1975</value>
         <object_component_ref idref="oc-14d"/>
      </symbol>
      <symbol id="sm-234">
         <name>oi_shutoff_init</name>
         <value>0x1bfd</value>
         <object_component_ref idref="oc-14d"/>
      </symbol>
      <symbol id="sm-235">
         <name>oi_parseInt</name>
         <value>0x5ebb</value>
         <object_component_ref idref="oc-202"/>
      </symbol>
      <symbol id="sm-236">
         <name>oi_uartSendStr</name>
         <value>0x1afb</value>
         <object_component_ref idref="oc-14d"/>
      </symbol>
      <symbol id="sm-237">
         <name>oi_close</name>
         <value>0x13d3</value>
         <object_component_ref idref="oc-14d"/>
      </symbol>
      <symbol id="sm-238">
         <name>oi_uartSendBuff</name>
         <value>0x1b19</value>
         <object_component_ref idref="oc-14d"/>
      </symbol>
      <symbol id="sm-239">
         <name>oi_checkFirmware</name>
         <value>0x1b4b</value>
         <object_component_ref idref="oc-14d"/>
      </symbol>
      <symbol id="sm-23a">
         <name>oi_init_noupdate</name>
         <value>0x1399</value>
         <object_component_ref idref="oc-14d"/>
      </symbol>
      <symbol id="sm-23b">
         <name>oi_uartSendChar</name>
         <value>0x1ab7</value>
         <object_component_ref idref="oc-14d"/>
      </symbol>
      <symbol id="sm-23c">
         <name>oi_alloc</name>
         <value>0x137d</value>
         <object_component_ref idref="oc-14d"/>
      </symbol>
      <symbol id="sm-23d">
         <name>oi_loadSong</name>
         <value>0x19b7</value>
         <object_component_ref idref="oc-14d"/>
      </symbol>
      <symbol id="sm-23e">
         <name>oi_play_song</name>
         <value>0x1a0d</value>
         <object_component_ref idref="oc-14d"/>
      </symbol>
      <symbol id="sm-23f">
         <name>oi_parsePacket</name>
         <value>0x1437</value>
         <object_component_ref idref="oc-14d"/>
      </symbol>
      <symbol id="sm-240">
         <name>oi_setLeds</name>
         <value>0x1931</value>
         <object_component_ref idref="oc-14d"/>
      </symbol>
      <symbol id="sm-241">
         <name>oi_init</name>
         <value>0x13bd</value>
         <object_component_ref idref="oc-14d"/>
      </symbol>
      <symbol id="sm-242">
         <name>oi_update</name>
         <value>0x13e5</value>
         <object_component_ref idref="oc-14d"/>
      </symbol>
      <symbol id="sm-243">
         <name>oi_uartInit</name>
         <value>0x1a2f</value>
         <object_component_ref idref="oc-14d"/>
      </symbol>
      <symbol id="sm-27f">
         <name>state</name>
         <value>0x200022e4</value>
      </symbol>
      <symbol id="sm-280">
         <name>rising_time</name>
         <value>0x200022e0</value>
      </symbol>
      <symbol id="sm-281">
         <name>falling_time</name>
         <value>0x200022dc</value>
      </symbol>
      <symbol id="sm-282">
         <name>ping_read</name>
         <value>0x48d3</value>
         <object_component_ref idref="oc-10e"/>
      </symbol>
      <symbol id="sm-283">
         <name>GPIO_Ping_init</name>
         <value>0x4841</value>
         <object_component_ref idref="oc-10e"/>
      </symbol>
      <symbol id="sm-284">
         <name>send_pulse</name>
         <value>0x4857</value>
         <object_component_ref idref="oc-10e"/>
      </symbol>
      <symbol id="sm-285">
         <name>timer_Ping_init</name>
         <value>0x47e1</value>
         <object_component_ref idref="oc-10e"/>
      </symbol>
      <symbol id="sm-286">
         <name>time2dist</name>
         <value>0x48bb</value>
         <object_component_ref idref="oc-10e"/>
      </symbol>
      <symbol id="sm-287">
         <name>TIMER3B_Handler</name>
         <value>0x47a9</value>
         <object_component_ref idref="oc-10e"/>
      </symbol>
      <symbol id="sm-288">
         <name>overflowCount</name>
         <value>0x20002320</value>
         <object_component_ref idref="oc-1b3"/>
      </symbol>
      <symbol id="sm-2a4">
         <name>ResetISR</name>
         <value>0x5fa7</value>
         <object_component_ref idref="oc-2e"/>
      </symbol>
      <symbol id="sm-2a5">
         <name>g_pfnVectors</name>
         <value>0x0</value>
         <object_component_ref idref="oc-f"/>
      </symbol>
      <symbol id="sm-2ca">
         <name>uart_sendChar</name>
         <value>0x5159</value>
         <object_component_ref idref="oc-13b"/>
      </symbol>
      <symbol id="sm-2cb">
         <name>uart_init</name>
         <value>0x50d1</value>
         <object_component_ref idref="oc-13b"/>
      </symbol>
      <symbol id="sm-2cc">
         <name>uart_receive</name>
         <value>0x51a9</value>
         <object_component_ref idref="oc-13b"/>
      </symbol>
      <symbol id="sm-2cd">
         <name>uart_sendStr</name>
         <value>0x5175</value>
         <object_component_ref idref="oc-13b"/>
      </symbol>
      <symbol id="sm-2de">
         <name>_c_int00</name>
         <value>0x5c71</value>
         <object_component_ref idref="oc-24"/>
      </symbol>
      <symbol id="sm-2df">
         <name>__stack</name>
         <value>0x2000026c</value>
         <object_component_ref idref="oc-2a"/>
      </symbol>
      <symbol id="sm-2f6">
         <name>__TI_decompress_none</name>
         <value>0x5f8d</value>
         <object_component_ref idref="oc-12"/>
      </symbol>
      <symbol id="sm-319">
         <name>__TI_decompress_rle24</name>
         <value>0x5fb3</value>
         <object_component_ref idref="oc-18"/>
      </symbol>
      <symbol id="sm-3a9">
         <name>pow</name>
         <value>0x1e01</value>
         <object_component_ref idref="oc-11a"/>
      </symbol>
      <symbol id="sm-3aa">
         <name>powl</name>
         <value>0x1e01</value>
         <object_component_ref idref="oc-11a"/>
      </symbol>
      <symbol id="sm-3ce">
         <name>sqrtl</name>
         <value>0x4c9d</value>
         <object_component_ref idref="oc-100"/>
      </symbol>
      <symbol id="sm-3cf">
         <name>sqrt</name>
         <value>0x4c9d</value>
         <object_component_ref idref="oc-100"/>
      </symbol>
      <symbol id="sm-3d7">
         <name>errno</name>
         <value>0x20002324</value>
         <object_component_ref idref="oc-19a"/>
      </symbol>
      <symbol id="sm-3f8">
         <name>C$$EXIT</name>
         <value>0x5cc5</value>
         <object_component_ref idref="oc-74"/>
      </symbol>
      <symbol id="sm-3f9">
         <name>abort</name>
         <value>0x5cc9</value>
         <object_component_ref idref="oc-74"/>
      </symbol>
      <symbol id="sm-3fa">
         <name>exit</name>
         <value>0x5cd1</value>
         <object_component_ref idref="oc-74"/>
      </symbol>
      <symbol id="sm-3fb">
         <name>__TI_dtors_ptr</name>
         <value>0x200022fc</value>
         <object_component_ref idref="oc-ba"/>
      </symbol>
      <symbol id="sm-3fc">
         <name>__TI_cleanup_ptr</name>
         <value>0x200022f8</value>
         <object_component_ref idref="oc-ba"/>
      </symbol>
      <symbol id="sm-3fd">
         <name>__TI_enable_exit_profile_output</name>
         <value>0x20002300</value>
         <object_component_ref idref="oc-ba"/>
      </symbol>
      <symbol id="sm-414">
         <name>__aeabi_dsub</name>
         <value>0x4971</value>
         <object_component_ref idref="oc-fb"/>
      </symbol>
      <symbol id="sm-415">
         <name>__aeabi_dadd</name>
         <value>0x497b</value>
         <object_component_ref idref="oc-fb"/>
      </symbol>
      <symbol id="sm-437">
         <name>__aeabi_cdcmpeq</name>
         <value>0x58f1</value>
         <object_component_ref idref="oc-109"/>
      </symbol>
      <symbol id="sm-438">
         <name>__aeabi_cdcmple</name>
         <value>0x58f1</value>
         <object_component_ref idref="oc-109"/>
      </symbol>
      <symbol id="sm-439">
         <name>__aeabi_cdrcmple</name>
         <value>0x5977</value>
         <object_component_ref idref="oc-125"/>
      </symbol>
      <symbol id="sm-44d">
         <name>__aeabi_ddiv</name>
         <value>0x520d</value>
         <object_component_ref idref="oc-f0"/>
      </symbol>
      <symbol id="sm-458">
         <name>__aeabi_dmul</name>
         <value>0x5343</value>
         <object_component_ref idref="oc-eb"/>
      </symbol>
      <symbol id="sm-462">
         <name>__aeabi_d2iz</name>
         <value>0x5db1</value>
         <object_component_ref idref="oc-120"/>
      </symbol>
      <symbol id="sm-46c">
         <name>__aeabi_d2uiz</name>
         <value>0x5df9</value>
         <object_component_ref idref="oc-130"/>
      </symbol>
      <symbol id="sm-476">
         <name>__aeabi_i2d</name>
         <value>0x5e71</value>
         <object_component_ref idref="oc-e6"/>
      </symbol>
      <symbol id="sm-491">
         <name>memcpy</name>
         <value>0x57cd</value>
         <object_component_ref idref="oc-37"/>
      </symbol>
      <symbol id="sm-492">
         <name>__aeabi_memcpy</name>
         <value>0x57cd</value>
         <object_component_ref idref="oc-37"/>
      </symbol>
      <symbol id="sm-493">
         <name>__aeabi_memcpy8</name>
         <value>0x57cd</value>
         <object_component_ref idref="oc-37"/>
      </symbol>
      <symbol id="sm-494">
         <name>__aeabi_memcpy4</name>
         <value>0x57cd</value>
         <object_component_ref idref="oc-37"/>
      </symbol>
      <symbol id="sm-508">
         <name>_sys_memory</name>
         <value>0x20001270</value>
         <object_component_ref idref="oc-2b"/>
      </symbol>
      <symbol id="sm-509">
         <name>free</name>
         <value>0x3d77</value>
         <object_component_ref idref="oc-1fc"/>
      </symbol>
      <symbol id="sm-50a">
         <name>realloc</name>
         <value>0x3e39</value>
         <object_component_ref idref="oc-1fc"/>
      </symbol>
      <symbol id="sm-50b">
         <name>memalign</name>
         <value>0x3f45</value>
         <object_component_ref idref="oc-1fc"/>
      </symbol>
      <symbol id="sm-50c">
         <name>calloc</name>
         <value>0x4029</value>
         <object_component_ref idref="oc-1fc"/>
      </symbol>
      <symbol id="sm-50d">
         <name>malloc</name>
         <value>0x3d0f</value>
         <object_component_ref idref="oc-1fc"/>
      </symbol>
      <symbol id="sm-50e">
         <name>minit</name>
         <value>0x3c81</value>
         <object_component_ref idref="oc-1fc"/>
      </symbol>
      <symbol id="sm-51d">
         <name>__aeabi_memset</name>
         <value>0x59ff</value>
         <object_component_ref idref="oc-50"/>
      </symbol>
      <symbol id="sm-51e">
         <name>memset</name>
         <value>0x5a05</value>
         <object_component_ref idref="oc-50"/>
      </symbol>
      <symbol id="sm-51f">
         <name>__aeabi_memset8</name>
         <value>0x59ff</value>
         <object_component_ref idref="oc-50"/>
      </symbol>
      <symbol id="sm-520">
         <name>__aeabi_memset4</name>
         <value>0x59ff</value>
         <object_component_ref idref="oc-50"/>
      </symbol>
      <symbol id="sm-521">
         <name>__aeabi_memclr8</name>
         <value>0x59fd</value>
         <object_component_ref idref="oc-50"/>
      </symbol>
      <symbol id="sm-522">
         <name>__aeabi_memclr4</name>
         <value>0x59fd</value>
         <object_component_ref idref="oc-50"/>
      </symbol>
      <symbol id="sm-523">
         <name>__aeabi_memclr</name>
         <value>0x59fd</value>
         <object_component_ref idref="oc-50"/>
      </symbol>
      <symbol id="sm-52d">
         <name>__mpu_init</name>
         <value>0x4b27</value>
         <object_component_ref idref="oc-5c"/>
      </symbol>
      <symbol id="sm-537">
         <name>_system_pre_init</name>
         <value>0x5fb9</value>
         <object_component_ref idref="oc-62"/>
      </symbol>
      <symbol id="sm-589">
         <name>cosl</name>
         <value>0x369d</value>
         <object_component_ref idref="oc-f5"/>
      </symbol>
      <symbol id="sm-58a">
         <name>cos</name>
         <value>0x369d</value>
         <object_component_ref idref="oc-f5"/>
      </symbol>
      <symbol id="sm-5ac">
         <name>scalbn</name>
         <value>0x5441</value>
         <object_component_ref idref="oc-1c0"/>
      </symbol>
      <symbol id="sm-5ad">
         <name>scalbnl</name>
         <value>0x5441</value>
         <object_component_ref idref="oc-1c0"/>
      </symbol>
      <symbol id="sm-5ae">
         <name>ldexpl</name>
         <value>0x5441</value>
         <object_component_ref idref="oc-1c0"/>
      </symbol>
      <symbol id="sm-5af">
         <name>ldexp</name>
         <value>0x5441</value>
         <object_component_ref idref="oc-1c0"/>
      </symbol>
      <symbol id="sm-5c8">
         <name>sprintf</name>
         <value>0x5bb9</value>
         <object_component_ref idref="oc-12a"/>
      </symbol>
      <symbol id="sm-5d0">
         <name>main_func_sp</name>
         <value>0x20002328</value>
         <object_component_ref idref="oc-7a"/>
      </symbol>
      <symbol id="sm-5df">
         <name>strcmp</name>
         <value>0x5eed</value>
         <object_component_ref idref="oc-1e6"/>
      </symbol>
      <symbol id="sm-5ed">
         <name>strcpy</name>
         <value>0x5f45</value>
         <object_component_ref idref="oc-1ec"/>
      </symbol>
      <symbol id="sm-5fb">
         <name>strlen</name>
         <value>0x5f59</value>
         <object_component_ref idref="oc-141"/>
      </symbol>
      <symbol id="sm-617">
         <name>vsnprintf</name>
         <value>0x5869</value>
         <object_component_ref idref="oc-1e0"/>
      </symbol>
      <symbol id="sm-630">
         <name>_nop</name>
         <value>0x5f2b</value>
         <object_component_ref idref="oc-164"/>
      </symbol>
      <symbol id="sm-631">
         <name>_lock</name>
         <value>0x20002310</value>
         <object_component_ref idref="oc-bd"/>
      </symbol>
      <symbol id="sm-632">
         <name>_unlock</name>
         <value>0x20002314</value>
         <object_component_ref idref="oc-bd"/>
      </symbol>
      <symbol id="sm-633">
         <name>_register_lock</name>
         <value>0x5f23</value>
         <object_component_ref idref="oc-164"/>
      </symbol>
      <symbol id="sm-634">
         <name>_register_unlock</name>
         <value>0x5f1d</value>
         <object_component_ref idref="oc-164"/>
      </symbol>
      <symbol id="sm-73b">
         <name>__TI_printfi</name>
         <value>0x1077</value>
         <object_component_ref idref="oc-1cb"/>
      </symbol>
      <symbol id="sm-74f">
         <name>_args_main</name>
         <value>0x5ed5</value>
         <object_component_ref idref="oc-6e"/>
      </symbol>
      <symbol id="sm-765">
         <name>atoi</name>
         <value>0x5d19</value>
         <object_component_ref idref="oc-279"/>
      </symbol>
      <symbol id="sm-78a">
         <name>__TI_auto_init</name>
         <value>0x5a79</value>
         <object_component_ref idref="oc-68"/>
      </symbol>
      <symbol id="sm-7a4">
         <name>copy_in</name>
         <value>0x5d65</value>
         <object_component_ref idref="oc-a4"/>
      </symbol>
      <symbol id="sm-7af">
         <name>_ctypes_</name>
         <value>0x6118</value>
         <object_component_ref idref="oc-2ca"/>
      </symbol>
      <symbol id="sm-7c5">
         <name>__kernel_cos</name>
         <value>0x4e0d</value>
         <object_component_ref idref="oc-180"/>
      </symbol>
      <symbol id="sm-828">
         <name>__kernel_rem_pio2</name>
         <value>0x2f5d</value>
         <object_component_ref idref="oc-186"/>
      </symbol>
      <symbol id="sm-83f">
         <name>__kernel_sin</name>
         <value>0x4b29</value>
         <object_component_ref idref="oc-18c"/>
      </symbol>
      <symbol id="sm-84e">
         <name>ltoa</name>
         <value>0x5c19</value>
         <object_component_ref idref="oc-261"/>
      </symbol>
      <symbol id="sm-85e">
         <name>memccpy</name>
         <value>0x5e9f</value>
         <object_component_ref idref="oc-273"/>
      </symbol>
      <symbol id="sm-868">
         <name>copysign</name>
         <value>0x5f31</value>
         <object_component_ref idref="oc-252"/>
      </symbol>
      <symbol id="sm-869">
         <name>copysignl</name>
         <value>0x5f31</value>
         <object_component_ref idref="oc-252"/>
      </symbol>
      <symbol id="sm-886">
         <name>floorl</name>
         <value>0x553d</value>
         <object_component_ref idref="oc-223"/>
      </symbol>
      <symbol id="sm-887">
         <name>floor</name>
         <value>0x553d</value>
         <object_component_ref idref="oc-223"/>
      </symbol>
      <symbol id="sm-89d">
         <name>frexpl</name>
         <value>0x5b55</value>
         <object_component_ref idref="oc-267"/>
      </symbol>
      <symbol id="sm-89e">
         <name>frexp</name>
         <value>0x5b55</value>
         <object_component_ref idref="oc-267"/>
      </symbol>
      <symbol id="sm-8a8">
         <name>_system_post_cinit</name>
         <value>0x543f</value>
         <object_component_ref idref="oc-aa"/>
      </symbol>
      <symbol id="sm-8b8">
         <name>strchr</name>
         <value>0x5f05</value>
         <object_component_ref idref="oc-26d"/>
      </symbol>
      <symbol id="sm-8d4">
         <name>__aeabi_uldivmod</name>
         <value>0x45b5</value>
         <object_component_ref idref="oc-25c"/>
      </symbol>
      <symbol id="sm-8f4">
         <name>IntRegister</name>
         <value>0x5e3d</value>
         <object_component_ref idref="oc-1a2"/>
      </symbol>
      <symbol id="sm-8f5">
         <name>g_pfnRAMVectors</name>
         <value>0x20000000</value>
         <object_component_ref idref="oc-23c"/>
      </symbol>
      <symbol id="sm-8f6">
         <name>IntMasterEnable</name>
         <value>0x5f6d</value>
         <object_component_ref idref="oc-1a8"/>
      </symbol>
      <symbol id="sm-900">
         <name>CPUcpsie</name>
         <value>0x5f9b</value>
         <object_component_ref idref="oc-241"/>
      </symbol>
      <symbol id="sm-901">
         <name>__TI_static_base__</name>
         <value>0x0</value>
      </symbol>
      <symbol id="sm-904">
         <name>SHT$$INIT_ARRAY$$Limit</name>
         <value>0x0</value>
      </symbol>
      <symbol id="sm-905">
         <name>SHT$$INIT_ARRAY$$Base</name>
         <value>0x0</value>
      </symbol>
   </symbol_table>
   <title>Link successful</title>
</link_info>
