******************************************************************************
                  TI ARM Linker PC v15.12.1                    
******************************************************************************
>> Linked Fri Feb 24 16:28:48 2017

OUTPUT FILE NAME:   <lab6.out>
ENTRY POINT SYMBOL: "_c_int00"  address: 00002f59


MEMORY CONFIGURATION

         name            origin    length      used     unused   attr    fill
----------------------  --------  ---------  --------  --------  ----  --------
  FLASH                 00000000   00040000  00003370  0003cc90  R  X
  SRAM                  20000000   00008000  00000870  00007790  RW X


SEGMENT ALLOCATION MAP

run origin  load origin   length   init length attrs members
----------  ----------- ---------- ----------- ----- -------
00000000    00000000    00003374   00003374    r-x
  00000000    00000000    0000026c   0000026c    r-- .intvecs
  0000026c    0000026c    00002f8c   00002f8c    r-x .text
  000031f8    000031f8    0000013c   0000013c    r-- .const
  00003338    00003338    0000003c   0000003c    r-- .cinit
20000000    20000000    00000870   00000000    rw-
  20000000    20000000    00000800   00000000    rw- .stack
  20000800    20000800    00000054   00000000    rw- .bss
  20000854    20000854    0000001c   00000000    rw- .data


SECTION ALLOCATION MAP

 output                                  attributes/
section   page    origin      length       input sections
--------  ----  ----------  ----------   ----------------
.intvecs   0    00000000    0000026c     
                  00000000    0000026c     tm4c123gh6pm_startup_ccs.obj (.intvecs)

.text      0    0000026c    00002f8c     
                  0000026c    00001110     rtsv7M4_T_le_v4SPD16_eabi.lib : _printfi.obj (.text)
                  0000137c    000009ac                                   : e_pow.obj (.text)
                  00001d28    000002ec     lcd.obj (.text)
                  00002014    000001f4     rtsv7M4_T_le_v4SPD16_eabi.lib : ull_div_t2.obj (.text)
                  00002208    000001b6                                   : fd_add_t2.obj (.text)
                  000023be    00000002                                   : mpu_init.obj (.text)
                  000023c0    00000170                                   : e_sqrt.obj (.text)
                  00002530    0000015c     main.obj (.text)
                  0000268c    00000158     Timer.obj (.text)
                  000027e4    00000136     rtsv7M4_T_le_v4SPD16_eabi.lib : fd_div_t2.obj (.text)
                  0000291a    000000fc                                   : fd_mul_t2.obj (.text)
                  00002a16    00000002                                   : startup.obj (.text)
                  00002a18    000000fc                                   : s_scalbn.obj (.text)
                  00002b14    0000009c                                   : memcpy_t2.obj (.text)
                  00002bb0    00000088                                   : vsnprintf.obj (.text)
                  00002c38    00000086                                   : fd_cmp_t2.obj (.text:__aeabi_cdcmple)
                  00002cbe    00000086                                   : fd_cmp_t2.obj (.text:__aeabi_cdrcmple)
                  00002d44    0000007a                                   : memset_t2.obj (.text)
                  00002dbe    00000002     --HOLE-- [fill = 0]
                  00002dc0    00000070                                   : autoinit.obj (.text)
                  00002e30    0000006a                                   : copy_decompress_rle.obj (.text)
                  00002e9a    00000002     --HOLE-- [fill = 0]
                  00002e9c    00000064                                   : s_frexp.obj (.text)
                  00002f00    00000056                                   : ltoa.obj (.text)
                  00002f56    00000002     --HOLE-- [fill = 0]
                  00002f58    00000054                                   : boot.obj (.text)
                  00002fac    00000054                                   : exit.obj (.text)
                  00003000    0000004c                                   : atoi.obj (.text)
                  0000304c    0000004c                                   : cpy_tbl.obj (.text)
                  00003098    00000048                                   : fd_toi_t2.obj (.text)
                  000030e0    0000002e                                   : i_tofd_t2.obj (.text)
                  0000310e    0000001c                                   : memccpy.obj (.text)
                  0000312a    00000002     --HOLE-- [fill = 0]
                  0000312c    00000018                                   : args_main.obj (.text)
                  00003144    00000018                                   : strcmp.obj (.text)
                  0000315c    00000016                                   : strchr.obj (.text)
                  00003172    00000002     --HOLE-- [fill = 0]
                  00003174    00000014                                   : _lock.obj (.text)
                  00003188    00000014                                   : s_copysign.obj (.text)
                  0000319c    00000014                                   : strcpy.obj (.text)
                  000031b0    00000014                                   : strlen.obj (.text)
                  000031c4    00000010     lcd.obj (.text:lcd_clear)
                  000031d4    0000000e     rtsv7M4_T_le_v4SPD16_eabi.lib : copy_decompress_none.obj (.text:decompress:none)
                  000031e2    0000000c     tm4c123gh6pm_startup_ccs.obj (.text)
                  000031ee    00000006     rtsv7M4_T_le_v4SPD16_eabi.lib : copy_decompress_rle.obj (.text:decompress:rle24)
                  000031f4    00000004                                   : pre_init.obj (.text)

.const     0    000031f8    0000013c     
                  000031f8    00000101     rtsv7M4_T_le_v4SPD16_eabi.lib : ctype.obj (.const:.string:_ctypes_)
                  000032f9    00000004     lcd.obj (.const:.string:lineAddress$1)
                  000032fd    00000003     --HOLE-- [fill = 0]
                  00003300    00000030     rtsv7M4_T_le_v4SPD16_eabi.lib : e_pow.obj (.const:$O1$$)
                  00003330    00000004     lcd.obj (.const:.string:lineAddresses$2)

.cinit     0    00003338    0000003c     
                  00003338    00000016     (.cinit..data.load) [load image, compression = rle]
                  0000334e    00000002     --HOLE-- [fill = 0]
                  00003350    00000009     (.cinit..bss.load) [load image, compression = rle]
                  00003359    00000003     --HOLE-- [fill = 0]
                  0000335c    00000008     (__TI_handler_table)
                  00003364    00000010     (__TI_cinit_table)

.init_array 
*          0    00000000    00000000     UNINITIALIZED

.stack     0    20000000    00000800     UNINITIALIZED
                  20000000    00000800     --HOLE--

.bss       0    20000800    00000054     UNINITIALIZED
                  20000800    00000054     lcd.obj (.bss:lastbuffer$3)

.data      0    20000854    0000001c     UNINITIALIZED
                  20000854    0000000c     rtsv7M4_T_le_v4SPD16_eabi.lib : exit.obj (.data:$O1$$)
                  20000860    00000008                                   : _lock.obj (.data:$O1$$)
                  20000868    00000004                                   : errno.obj (.data)
                  2000086c    00000004                                   : stkdepth_vars.obj (.data)

MODULE SUMMARY

       Module                         code    ro data   rw data
       ------                         ----    -------   -------
    .\
       lcd.obj                        764     8         84     
       tm4c123gh6pm_startup_ccs.obj   12      620       0      
       main.obj                       348     0         0      
       Timer.obj                      344     0         0      
    +--+------------------------------+-------+---------+---------+
       Total:                         1468    628       84     
                                                               
    C:\ti\ccsv6\tools\compiler\ti-cgt-arm_15.12.1.LTS\lib\rtsv7M4_T_le_v4SPD16_eabi.lib
       _printfi.obj                   4368    0         0      
       e_pow.obj                      2476    48        0      
       ull_div_t2.obj                 500     0         0      
       fd_add_t2.obj                  438     0         0      
       e_sqrt.obj                     368     0         0      
       fd_div_t2.obj                  310     0         0      
       fd_cmp_t2.obj                  268     0         0      
       ctype.obj                      0       257       0      
       fd_mul_t2.obj                  252     0         0      
       s_scalbn.obj                   252     0         0      
       memcpy_t2.obj                  156     0         0      
       vsnprintf.obj                  136     0         0      
       memset_t2.obj                  122     0         0      
       autoinit.obj                   112     0         0      
       copy_decompress_rle.obj        112     0         0      
       s_frexp.obj                    100     0         0      
       exit.obj                       84      0         12     
       ltoa.obj                       86      0         0      
       boot.obj                       84      0         0      
       atoi.obj                       76      0         0      
       cpy_tbl.obj                    76      0         0      
       fd_toi_t2.obj                  72      0         0      
       i_tofd_t2.obj                  46      0         0      
       _lock.obj                      20      0         8      
       memccpy.obj                    28      0         0      
       args_main.obj                  24      0         0      
       strcmp.obj                     24      0         0      
       strchr.obj                     22      0         0      
       s_copysign.obj                 20      0         0      
       strcpy.obj                     20      0         0      
       strlen.obj                     20      0         0      
       copy_decompress_none.obj       14      0         0      
       errno.obj                      0       0         4      
       pre_init.obj                   4       0         0      
       stkdepth_vars.obj              0       0         4      
       mpu_init.obj                   2       0         0      
       startup.obj                    2       0         0      
    +--+------------------------------+-------+---------+---------+
       Total:                         10694   305       28     
                                                               
       Stack:                         0       0         2048   
       Linker Generated:              0       55        0      
    +--+------------------------------+-------+---------+---------+
       Grand Total:                   12162   988       2160   


LINKER GENERATED COPY TABLES

__TI_cinit_table @ 00003364 records: 2, size/record: 8, table size: 16
	.data: load addr=00003338, load size=00000016 bytes, run addr=20000854, run size=0000001c bytes, compression=rle
	.bss: load addr=00003350, load size=00000009 bytes, run addr=20000800, run size=00000054 bytes, compression=rle


LINKER GENERATED HANDLER TABLE

__TI_handler_table @ 0000335c records: 2, size/record: 4, table size: 8
	index: 0, handler: __TI_decompress_rle24
	index: 1, handler: __TI_decompress_none


GLOBAL SYMBOLS: SORTED ALPHABETICALLY BY Name 

address   name                           
-------   ----                           
00002531  ADC_init                       
000025a3  ADC_read                       
00002fad  C$$EXIT                        
000031e3  ResetISR                       
UNDEFED   SHT$$INIT_ARRAY$$Base          
UNDEFED   SHT$$INIT_ARRAY$$Limit         
20000800  __STACK_END                    
00000800  __STACK_SIZE                   
20000200  __STACK_TOP                    
00003364  __TI_CINIT_Base                
00003374  __TI_CINIT_Limit               
0000335c  __TI_Handler_Table_Base        
00003364  __TI_Handler_Table_Limit       
00002dc1  __TI_auto_init                 
20000854  __TI_cleanup_ptr               
000031d5  __TI_decompress_none           
000031ef  __TI_decompress_rle24          
20000858  __TI_dtors_ptr                 
2000085c  __TI_enable_exit_profile_output
ffffffff  __TI_pprof_out_hndl            
00001077  __TI_printfi                   
ffffffff  __TI_prof_data_size            
ffffffff  __TI_prof_data_start           
00000000  __TI_static_base__             
00002c39  __aeabi_cdcmpeq                
00002c39  __aeabi_cdcmple                
00002cbf  __aeabi_cdrcmple               
00003099  __aeabi_d2iz                   
00002213  __aeabi_dadd                   
000027e5  __aeabi_ddiv                   
0000291b  __aeabi_dmul                   
00002209  __aeabi_dsub                   
000030e1  __aeabi_i2d                    
00002d45  __aeabi_memclr                 
00002d45  __aeabi_memclr4                
00002d45  __aeabi_memclr8                
00002b15  __aeabi_memcpy                 
00002b15  __aeabi_memcpy4                
00002b15  __aeabi_memcpy8                
00002d47  __aeabi_memset                 
00002d47  __aeabi_memset4                
00002d47  __aeabi_memset8                
00002015  __aeabi_uldivmod               
ffffffff  __binit__                      
ffffffff  __c_args__                     
000023bf  __mpu_init                     
20000000  __stack                        
0000312d  _args_main                     
00002f59  _c_int00                       
000031f8  _ctypes_                       
20000860  _lock                          
00003183  _nop                           
0000317b  _register_lock                 
00003175  _register_unlock               
00002a17  _system_post_cinit             
000031f5  _system_pre_init               
20000864  _unlock                        
00002fb1  abort                          
00003001  atoi                           
ffffffff  binit                          
0000304d  copy_in                        
00003189  copysign                       
00003189  copysignl                      
20000868  errno                          
00002fb9  exit                           
00002e9d  frexp                          
00002e9d  frexpl                         
00000000  g_pfnVectors                   
000031c5  lcd_clear                      
00001ec1  lcd_gotoLine                   
00001d29  lcd_init                       
00001f27  lcd_printf                     
00001de9  lcd_putc                       
00001e21  lcd_puts                       
00001e3f  lcd_sendCommand                
00001e7d  lcd_sendNibble                 
00001ee9  lcd_setCursorPos               
00002a19  ldexp                          
00002a19  ldexpl                         
00002f01  ltoa                           
000025e7  main                           
2000086c  main_func_sp                   
0000310f  memccpy                        
00002b15  memcpy                         
00002d4d  memset                         
0000137d  pow                            
0000137d  powl                           
00002a19  scalbn                         
00002a19  scalbnl                        
000023c1  sqrt                           
000023c1  sqrtl                          
0000315d  strchr                         
00003145  strcmp                         
0000319d  strcpy                         
000031b1  strlen                         
0000279d  timer_getClock                 
00002751  timer_startClock               
000026eb  timer_startTimer               
000027a3  timer_stopClock                
0000273b  timer_stopTimer                
000026c1  timer_waitMicros               
0000268d  timer_waitMillis               
00002bb1  vsnprintf                      


GLOBAL SYMBOLS: SORTED BY Symbol Address 

address   name                           
-------   ----                           
00000000  __TI_static_base__             
00000000  g_pfnVectors                   
00000800  __STACK_SIZE                   
00001077  __TI_printfi                   
0000137d  pow                            
0000137d  powl                           
00001d29  lcd_init                       
00001de9  lcd_putc                       
00001e21  lcd_puts                       
00001e3f  lcd_sendCommand                
00001e7d  lcd_sendNibble                 
00001ec1  lcd_gotoLine                   
00001ee9  lcd_setCursorPos               
00001f27  lcd_printf                     
00002015  __aeabi_uldivmod               
00002209  __aeabi_dsub                   
00002213  __aeabi_dadd                   
000023bf  __mpu_init                     
000023c1  sqrt                           
000023c1  sqrtl                          
00002531  ADC_init                       
000025a3  ADC_read                       
000025e7  main                           
0000268d  timer_waitMillis               
000026c1  timer_waitMicros               
000026eb  timer_startTimer               
0000273b  timer_stopTimer                
00002751  timer_startClock               
0000279d  timer_getClock                 
000027a3  timer_stopClock                
000027e5  __aeabi_ddiv                   
0000291b  __aeabi_dmul                   
00002a17  _system_post_cinit             
00002a19  ldexp                          
00002a19  ldexpl                         
00002a19  scalbn                         
00002a19  scalbnl                        
00002b15  __aeabi_memcpy                 
00002b15  __aeabi_memcpy4                
00002b15  __aeabi_memcpy8                
00002b15  memcpy                         
00002bb1  vsnprintf                      
00002c39  __aeabi_cdcmpeq                
00002c39  __aeabi_cdcmple                
00002cbf  __aeabi_cdrcmple               
00002d45  __aeabi_memclr                 
00002d45  __aeabi_memclr4                
00002d45  __aeabi_memclr8                
00002d47  __aeabi_memset                 
00002d47  __aeabi_memset4                
00002d47  __aeabi_memset8                
00002d4d  memset                         
00002dc1  __TI_auto_init                 
00002e9d  frexp                          
00002e9d  frexpl                         
00002f01  ltoa                           
00002f59  _c_int00                       
00002fad  C$$EXIT                        
00002fb1  abort                          
00002fb9  exit                           
00003001  atoi                           
0000304d  copy_in                        
00003099  __aeabi_d2iz                   
000030e1  __aeabi_i2d                    
0000310f  memccpy                        
0000312d  _args_main                     
00003145  strcmp                         
0000315d  strchr                         
00003175  _register_unlock               
0000317b  _register_lock                 
00003183  _nop                           
00003189  copysign                       
00003189  copysignl                      
0000319d  strcpy                         
000031b1  strlen                         
000031c5  lcd_clear                      
000031d5  __TI_decompress_none           
000031e3  ResetISR                       
000031ef  __TI_decompress_rle24          
000031f5  _system_pre_init               
000031f8  _ctypes_                       
0000335c  __TI_Handler_Table_Base        
00003364  __TI_CINIT_Base                
00003364  __TI_Handler_Table_Limit       
00003374  __TI_CINIT_Limit               
20000000  __stack                        
20000200  __STACK_TOP                    
20000800  __STACK_END                    
20000854  __TI_cleanup_ptr               
20000858  __TI_dtors_ptr                 
2000085c  __TI_enable_exit_profile_output
20000860  _lock                          
20000864  _unlock                        
20000868  errno                          
2000086c  main_func_sp                   
ffffffff  __TI_pprof_out_hndl            
ffffffff  __TI_prof_data_size            
ffffffff  __TI_prof_data_start           
ffffffff  __binit__                      
ffffffff  __c_args__                     
ffffffff  binit                          
UNDEFED   SHT$$INIT_ARRAY$$Base          
UNDEFED   SHT$$INIT_ARRAY$$Limit         

[103 symbols]
