******************************************************************************
                  TI ARM Linker PC v15.12.1                    
******************************************************************************
>> Linked Fri Feb 17 14:18:17 2017

OUTPUT FILE NAME:   <lab4.out>
ENTRY POINT SYMBOL: "_c_int00"  address: 00002675


MEMORY CONFIGURATION

         name            origin    length      used     unused   attr    fill
----------------------  --------  ---------  --------  --------  ----  --------
  FLASH                 00000000   00040000  00002ac9  0003d537  R  X
  SRAM                  20000000   00008000  00000aea  00007516  RW X


SEGMENT ALLOCATION MAP

run origin  load origin   length   init length attrs members
----------  ----------- ---------- ----------- ----- -------
00000000    00000000    00002acc   00002acc    r-x
  00000000    00000000    0000026c   0000026c    r-- .intvecs
  0000026c    0000026c    000026f8   000026f8    r-x .text
  00002964    00002964    00000109   00000109    r-- .const
  00002a70    00002a70    0000005c   0000005c    r-- .cinit
20000000    20000000    00000aed   00000000    rw-
  20000000    20000000    0000026c   00000000    rw- .vtable
  2000026c    2000026c    00000800   00000000    rw- .stack
  20000a6c    20000a6c    00000055   00000000    rw- .bss
  20000ac4    20000ac4    00000029   00000000    rw- .data


SECTION ALLOCATION MAP

 output                                  attributes/
section   page    origin      length       input sections
--------  ----  ----------  ----------   ----------------
.intvecs   0    00000000    0000026c     
                  00000000    0000026c     tm4c123gh6pm_startup_ccs.obj (.intvecs)

.text      0    0000026c    000026f8     
                  0000026c    00001110     rtsv7M4_T_le_v4SPD16_eabi.lib : _printfi.obj (.text)
                  0000137c    00000334     lcd_stepper.obj (.text)
                  000016b0    00000254     clock_intr.obj (.text)
                  00001904    000001f4     rtsv7M4_T_le_v4SPD16_eabi.lib : ull_div_t2.obj (.text)
                  00001af8    000001b6                                   : fd_add_t2.obj (.text)
                  00001cae    00000002                                   : mpu_init.obj (.text)
                  00001cb0    00000158     timer.obj (.text)
                  00001e08    00000136     rtsv7M4_T_le_v4SPD16_eabi.lib : fd_div_t2.obj (.text)
                  00001f3e    000000fc                                   : fd_mul_t2.obj (.text)
                  0000203a    00000002                                   : startup.obj (.text)
                  0000203c    000000fc                                   : s_scalbn.obj (.text)
                  00002138    000000f8     button.obj (.text)
                  00002230    0000009c     rtsv7M4_T_le_v4SPD16_eabi.lib : memcpy_t2.obj (.text)
                  000022cc    00000088                                   : vsnprintf.obj (.text)
                  00002354    00000086                                   : fd_cmp_t2.obj (.text:__aeabi_cdcmple)
                  000023da    00000086                                   : fd_cmp_t2.obj (.text:__aeabi_cdrcmple)
                  00002460    0000007a                                   : memset_t2.obj (.text)
                  000024da    00000002     --HOLE-- [fill = 0]
                  000024dc    00000070                                   : autoinit.obj (.text)
                  0000254c    0000006a                                   : copy_decompress_rle.obj (.text)
                  000025b6    00000002     --HOLE-- [fill = 0]
                  000025b8    00000064                                   : s_frexp.obj (.text)
                  0000261c    00000056                                   : ltoa.obj (.text)
                  00002672    00000002     --HOLE-- [fill = 0]
                  00002674    00000054                                   : boot.obj (.text)
                  000026c8    00000054                                   : exit.obj (.text)
                  0000271c    0000004c                                   : atoi.obj (.text)
                  00002768    0000004c                                   : cpy_tbl.obj (.text)
                  000027b4    00000048                                   : fd_toi_t2.obj (.text)
                  000027fc    00000034     driverlib.lib : interrupt.obj (.text:IntRegister)
                  00002830    0000002e     rtsv7M4_T_le_v4SPD16_eabi.lib : i_tofd_t2.obj (.text)
                  0000285e    0000001c                                   : memccpy.obj (.text)
                  0000287a    00000002     --HOLE-- [fill = 0]
                  0000287c    00000018                                   : args_main.obj (.text)
                  00002894    00000018                                   : strcmp.obj (.text)
                  000028ac    00000016                                   : strchr.obj (.text)
                  000028c2    00000002     --HOLE-- [fill = 0]
                  000028c4    00000014                                   : _lock.obj (.text)
                  000028d8    00000014                                   : s_copysign.obj (.text)
                  000028ec    00000014                                   : strcpy.obj (.text)
                  00002900    00000014                                   : strlen.obj (.text)
                  00002914    00000010     driverlib.lib : interrupt.obj (.text:IntMasterEnable)
                  00002924    00000010     lcd_stepper.obj (.text:lcd_clear)
                  00002934    0000000e     rtsv7M4_T_le_v4SPD16_eabi.lib : copy_decompress_none.obj (.text:decompress:none)
                  00002942    0000000c     driverlib.lib : cpu.obj (.text:CPUcpsie)
                  0000294e    0000000c     tm4c123gh6pm_startup_ccs.obj (.text)
                  0000295a    00000006     rtsv7M4_T_le_v4SPD16_eabi.lib : copy_decompress_rle.obj (.text:decompress:rle24)
                  00002960    00000004                                   : pre_init.obj (.text)

.const     0    00002964    00000109     
                  00002964    00000101     rtsv7M4_T_le_v4SPD16_eabi.lib : ctype.obj (.const:.string:_ctypes_)
                  00002a65    00000004     lcd_stepper.obj (.const:.string:lineAddress$1)
                  00002a69    00000004     lcd_stepper.obj (.const:.string:lineAddresses$2)

.cinit     0    00002a70    0000005c     
                  00002a70    0000001e     (.cinit..data.load) [load image, compression = rle]
                  00002a8e    00000002     --HOLE-- [fill = 0]
                  00002a90    0000000b     (.cinit..vtable.load) [load image, compression = rle]
                  00002a9b    00000005     --HOLE-- [fill = 0]
                  00002aa0    00000009     (.cinit..bss.load) [load image, compression = rle]
                  00002aa9    00000003     --HOLE-- [fill = 0]
                  00002aac    00000008     (__TI_handler_table)
                  00002ab4    00000018     (__TI_cinit_table)

.init_array 
*          0    00000000    00000000     UNINITIALIZED

.vtable    0    20000000    0000026c     UNINITIALIZED
                  20000000    0000026c     driverlib.lib : interrupt.obj (.vtable)

.stack     0    2000026c    00000800     UNINITIALIZED
                  2000026c    00000800     --HOLE--

.bss       0    20000a6c    00000055     UNINITIALIZED
                  20000a6c    00000054     lcd_stepper.obj (.bss:lastbuffer$3)
                  20000ac0    00000001     (.common:_prevButton)

.data      0    20000ac4    00000029     UNINITIALIZED
                  20000ac4    0000000c     rtsv7M4_T_le_v4SPD16_eabi.lib : exit.obj (.data:$O1$$)
                  20000ad0    0000000c     clock_intr.obj (.data)
                  20000adc    00000008     rtsv7M4_T_le_v4SPD16_eabi.lib : _lock.obj (.data:$O1$$)
                  20000ae4    00000004                                   : errno.obj (.data)
                  20000ae8    00000004                                   : stkdepth_vars.obj (.data)
                  20000aec    00000001     button.obj (.data)

MODULE SUMMARY

       Module                         code   ro data   rw data
       ------                         ----   -------   -------
    .\
       lcd_stepper.obj                836    8         84     
       tm4c123gh6pm_startup_ccs.obj   12     620       0      
       clock_intr.obj                 596    0         12     
       timer.obj                      344    0         0      
       button.obj                     248    0         2      
    +--+------------------------------+------+---------+---------+
       Total:                         2036   628       98     
                                                              
    C:/ti/TivaWare_C_Series-2.1.2.111/driverlib/ccs/Debug/driverlib.lib
       interrupt.obj                  68     0         620    
       cpu.obj                        12     0         0      
    +--+------------------------------+------+---------+---------+
       Total:                         80     0         620    
                                                              
    C:\ti\ccsv6\tools\compiler\ti-cgt-arm_15.12.1.LTS\lib\rtsv7M4_T_le_v4SPD16_eabi.lib
       _printfi.obj                   4368   0         0      
       ull_div_t2.obj                 500    0         0      
       fd_add_t2.obj                  438    0         0      
       fd_div_t2.obj                  310    0         0      
       fd_cmp_t2.obj                  268    0         0      
       ctype.obj                      0      257       0      
       fd_mul_t2.obj                  252    0         0      
       s_scalbn.obj                   252    0         0      
       memcpy_t2.obj                  156    0         0      
       vsnprintf.obj                  136    0         0      
       memset_t2.obj                  122    0         0      
       autoinit.obj                   112    0         0      
       copy_decompress_rle.obj        112    0         0      
       s_frexp.obj                    100    0         0      
       exit.obj                       84     0         12     
       ltoa.obj                       86     0         0      
       boot.obj                       84     0         0      
       atoi.obj                       76     0         0      
       cpy_tbl.obj                    76     0         0      
       fd_toi_t2.obj                  72     0         0      
       i_tofd_t2.obj                  46     0         0      
       _lock.obj                      20     0         8      
       memccpy.obj                    28     0         0      
       args_main.obj                  24     0         0      
       strcmp.obj                     24     0         0      
       strchr.obj                     22     0         0      
       s_copysign.obj                 20     0         0      
       strcpy.obj                     20     0         0      
       strlen.obj                     20     0         0      
       copy_decompress_none.obj       14     0         0      
       errno.obj                      0      0         4      
       pre_init.obj                   4      0         0      
       stkdepth_vars.obj              0      0         4      
       mpu_init.obj                   2      0         0      
       startup.obj                    2      0         0      
    +--+------------------------------+------+---------+---------+
       Total:                         7850   257       28     
                                                              
       Stack:                         0      0         2048   
       Linker Generated:              0      82        0      
    +--+------------------------------+------+---------+---------+
       Grand Total:                   9966   967       2794   


LINKER GENERATED COPY TABLES

__TI_cinit_table @ 00002ab4 records: 3, size/record: 8, table size: 24
	.data: load addr=00002a70, load size=0000001e bytes, run addr=20000ac4, run size=00000029 bytes, compression=rle
	.vtable: load addr=00002a90, load size=0000000b bytes, run addr=20000000, run size=0000026c bytes, compression=rle
	.bss: load addr=00002aa0, load size=00000009 bytes, run addr=20000a6c, run size=00000055 bytes, compression=rle


LINKER GENERATED HANDLER TABLE

__TI_handler_table @ 00002aac records: 2, size/record: 4, table size: 8
	index: 0, handler: __TI_decompress_rle24
	index: 1, handler: __TI_decompress_none


GLOBAL SYMBOLS: SORTED ALPHABETICALLY BY Name 

address   name                           
-------   ----                           
000026c9  C$$EXIT                        
00002943  CPUcpsie                       
00002915  IntMasterEnable                
000027fd  IntRegister                    
0000294f  ResetISR                       
UNDEFED   SHT$$INIT_ARRAY$$Base          
UNDEFED   SHT$$INIT_ARRAY$$Limit         
000016b1  TIMER4A_Handler                
000016fb  TIMER4B_Handler                
20000a6c  __STACK_END                    
00000800  __STACK_SIZE                   
2000046c  __STACK_TOP                    
00002ab4  __TI_CINIT_Base                
00002acc  __TI_CINIT_Limit               
00002aac  __TI_Handler_Table_Base        
00002ab4  __TI_Handler_Table_Limit       
000024dd  __TI_auto_init                 
20000ac4  __TI_cleanup_ptr               
00002935  __TI_decompress_none           
0000295b  __TI_decompress_rle24          
20000ac8  __TI_dtors_ptr                 
20000acc  __TI_enable_exit_profile_output
ffffffff  __TI_pprof_out_hndl            
00001077  __TI_printfi                   
ffffffff  __TI_prof_data_size            
ffffffff  __TI_prof_data_start           
00000000  __TI_static_base__             
00002355  __aeabi_cdcmpeq                
00002355  __aeabi_cdcmple                
000023db  __aeabi_cdrcmple               
000027b5  __aeabi_d2iz                   
00001b03  __aeabi_dadd                   
00001e09  __aeabi_ddiv                   
00001f3f  __aeabi_dmul                   
00001af9  __aeabi_dsub                   
00002831  __aeabi_i2d                    
00002461  __aeabi_memclr                 
00002461  __aeabi_memclr4                
00002461  __aeabi_memclr8                
00002231  __aeabi_memcpy                 
00002231  __aeabi_memcpy4                
00002231  __aeabi_memcpy8                
00002463  __aeabi_memset                 
00002463  __aeabi_memset4                
00002463  __aeabi_memset8                
00001905  __aeabi_uldivmod               
ffffffff  __binit__                      
ffffffff  __c_args__                     
00001caf  __mpu_init                     
2000026c  __stack                        
0000287d  _args_main                     
00002675  _c_int00                       
00002964  _ctypes_                       
20000adc  _lock                          
000028d3  _nop                           
20000ac0  _prevButton                    
000028cb  _register_lock                 
000028c5  _register_unlock               
0000203b  _system_post_cinit             
00002961  _system_pre_init               
20000ae0  _unlock                        
000026cd  abort                          
0000271d  atoi                           
ffffffff  binit                          
00002165  button_checkButtons            
0000216f  button_getButton               
000021c5  button_getButtonBlocking       
000021d9  button_getButtonChange         
00002203  button_getButtonChangeBlocking 
00002139  button_init                    
000017bb  clock_timer_init               
00002769  copy_in                        
000028d9  copysign                       
000028d9  copysignl                      
20000ae4  errno                          
000026d5  exit                           
000025b9  frexp                          
000025b9  frexpl                         
20000000  g_pfnRAMVectors                
00000000  g_pfnVectors                   
20000ad0  hours                          
00002925  lcd_clear                      
0000155d  lcd_gotoLine                   
000013b9  lcd_init                       
000015c3  lcd_printf                     
00001479  lcd_putc                       
000014b1  lcd_puts                       
0000137d  lcd_reverseNibble              
000014cf  lcd_sendCommand                
0000150d  lcd_sendNibble                 
00001585  lcd_setCursorPos               
0000203d  ldexp                          
0000203d  ldexpl                         
0000261d  ltoa                           
00001839  main                           
20000ae8  main_func_sp                   
0000285f  memccpy                        
00002231  memcpy                         
00002469  memset                         
20000ad4  mins                           
0000203d  scalbn                         
0000203d  scalbnl                        
20000ad8  secs                           
000028ad  strchr                         
00002895  strcmp                         
000028ed  strcpy                         
00002901  strlen                         
00001dc1  timer_getClock                 
00001d75  timer_startClock               
00001d0f  timer_startTimer               
00001dc7  timer_stopClock                
00001d5f  timer_stopTimer                
00001ce5  timer_waitMicros               
00001cb1  timer_waitMillis               
000022cd  vsnprintf                      


GLOBAL SYMBOLS: SORTED BY Symbol Address 

address   name                           
-------   ----                           
00000000  __TI_static_base__             
00000000  g_pfnVectors                   
00000800  __STACK_SIZE                   
00001077  __TI_printfi                   
0000137d  lcd_reverseNibble              
000013b9  lcd_init                       
00001479  lcd_putc                       
000014b1  lcd_puts                       
000014cf  lcd_sendCommand                
0000150d  lcd_sendNibble                 
0000155d  lcd_gotoLine                   
00001585  lcd_setCursorPos               
000015c3  lcd_printf                     
000016b1  TIMER4A_Handler                
000016fb  TIMER4B_Handler                
000017bb  clock_timer_init               
00001839  main                           
00001905  __aeabi_uldivmod               
00001af9  __aeabi_dsub                   
00001b03  __aeabi_dadd                   
00001caf  __mpu_init                     
00001cb1  timer_waitMillis               
00001ce5  timer_waitMicros               
00001d0f  timer_startTimer               
00001d5f  timer_stopTimer                
00001d75  timer_startClock               
00001dc1  timer_getClock                 
00001dc7  timer_stopClock                
00001e09  __aeabi_ddiv                   
00001f3f  __aeabi_dmul                   
0000203b  _system_post_cinit             
0000203d  ldexp                          
0000203d  ldexpl                         
0000203d  scalbn                         
0000203d  scalbnl                        
00002139  button_init                    
00002165  button_checkButtons            
0000216f  button_getButton               
000021c5  button_getButtonBlocking       
000021d9  button_getButtonChange         
00002203  button_getButtonChangeBlocking 
00002231  __aeabi_memcpy                 
00002231  __aeabi_memcpy4                
00002231  __aeabi_memcpy8                
00002231  memcpy                         
000022cd  vsnprintf                      
00002355  __aeabi_cdcmpeq                
00002355  __aeabi_cdcmple                
000023db  __aeabi_cdrcmple               
00002461  __aeabi_memclr                 
00002461  __aeabi_memclr4                
00002461  __aeabi_memclr8                
00002463  __aeabi_memset                 
00002463  __aeabi_memset4                
00002463  __aeabi_memset8                
00002469  memset                         
000024dd  __TI_auto_init                 
000025b9  frexp                          
000025b9  frexpl                         
0000261d  ltoa                           
00002675  _c_int00                       
000026c9  C$$EXIT                        
000026cd  abort                          
000026d5  exit                           
0000271d  atoi                           
00002769  copy_in                        
000027b5  __aeabi_d2iz                   
000027fd  IntRegister                    
00002831  __aeabi_i2d                    
0000285f  memccpy                        
0000287d  _args_main                     
00002895  strcmp                         
000028ad  strchr                         
000028c5  _register_unlock               
000028cb  _register_lock                 
000028d3  _nop                           
000028d9  copysign                       
000028d9  copysignl                      
000028ed  strcpy                         
00002901  strlen                         
00002915  IntMasterEnable                
00002925  lcd_clear                      
00002935  __TI_decompress_none           
00002943  CPUcpsie                       
0000294f  ResetISR                       
0000295b  __TI_decompress_rle24          
00002961  _system_pre_init               
00002964  _ctypes_                       
00002aac  __TI_Handler_Table_Base        
00002ab4  __TI_CINIT_Base                
00002ab4  __TI_Handler_Table_Limit       
00002acc  __TI_CINIT_Limit               
20000000  g_pfnRAMVectors                
2000026c  __stack                        
2000046c  __STACK_TOP                    
20000a6c  __STACK_END                    
20000ac0  _prevButton                    
20000ac4  __TI_cleanup_ptr               
20000ac8  __TI_dtors_ptr                 
20000acc  __TI_enable_exit_profile_output
20000ad0  hours                          
20000ad4  mins                           
20000ad8  secs                           
20000adc  _lock                          
20000ae0  _unlock                        
20000ae4  errno                          
20000ae8  main_func_sp                   
ffffffff  __TI_pprof_out_hndl            
ffffffff  __TI_prof_data_size            
ffffffff  __TI_prof_data_start           
ffffffff  __binit__                      
ffffffff  __c_args__                     
ffffffff  binit                          
UNDEFED   SHT$$INIT_ARRAY$$Base          
UNDEFED   SHT$$INIT_ARRAY$$Limit         

[115 symbols]
